<html>
<body>
<pre>
<h1>礦ision Build Log</h1>
<h2>Tool Versions:</h2>
IDE-Version: μVision V5.41.0.0
Copyright (C) 2024 ARM Ltd and ARM Germany GmbH. All rights reserved.
License Information: 1 Admin, 1, LIC=LSNXV-PW6PN-30ANC-7IPQ2-NE0BI-J0H51
 
Tool Versions:
Toolchain:       MDK-ARM Plus  Version: 5.41.0.0
Toolchain Path:  C:\Keil_v5\ARM\ARMCC\Bin
C Compiler:      Armcc.exe V5.06 update 6 (build 750)
Assembler:       Armasm.exe V5.06 update 6 (build 750)
Linker/Locator:  ArmLink.exe V5.06 update 6 (build 750)
Library Manager: ArmAr.exe V5.06 update 6 (build 750)
Hex Converter:   FromElf.exe V5.06 update 6 (build 750)
CPU DLL:         SARMCM3.DLL V5.41.0.0
Dialog DLL:      DCM.DLL V1.17.5.0
Target DLL:      Segger\JL2CM3.dll V2.99.45.0
Dialog DLL:      TCM.DLL V1.56.4.0
 
<h2>Project:</h2>
C:\Users\Administrator\Desktop\胰岛素泵\FR801xH-SDK-master\examples\dev1.0\ble_simple_peripheral\keil\ble_simple_peripheral.uvproj
Project File Date:  12/02/2024

<h2>Output:</h2>
*** Using Compiler 'V5.06 update 6 (build 750)', folder: 'C:\Keil_v5\ARM\ARMCC\Bin'
Build target 'ble_simple_peripheral'
compiling application.c...
..\code\application.c(20): warning:  #550-D: variable "start_hh"  was set but never used
  	static uint16_t start_hh,start_min;
..\code\application.c(20): warning:  #550-D: variable "start_min"  was set but never used
  	static uint16_t start_hh,start_min;
..\code\application.c(21): warning:  #550-D: variable "end_hh"  was set but never used
  	static uint16_t end_hh,end_min;	
..\code\application.c(21): warning:  #550-D: variable "end_min"  was set but never used
  	static uint16_t end_hh,end_min;	
..\code\application.c(23): warning:  #550-D: variable "basal_rate_num"  was set but never used
  	char basal_rate_num; //基础率段数
..\code\application.c(108): warning:  #223-D: function "printf" declared implicitly
  	printf(" count is %d\r\n",count);
..\code\application.c(128): warning:  #186-D: pointless comparison of unsigned integer with zero
  	}else if(start_hh<MIN_TIM_HH||end_hh<MIN_TIM_HH)
..\code\application.c(128): warning:  #186-D: pointless comparison of unsigned integer with zero
  	}else if(start_hh<MIN_TIM_HH||end_hh<MIN_TIM_HH)
..\code\application.c(136): warning:  #186-D: pointless comparison of unsigned integer with zero
  	}else if(start_min<MIN_TIM_MIN||end_hh<MIN_TIM_MIN){
..\code\application.c(136): warning:  #186-D: pointless comparison of unsigned integer with zero
  	}else if(start_min<MIN_TIM_MIN||end_hh<MIN_TIM_MIN){
..\code\application.c(188): warning:  #111-D: statement is unreachable
  		    sync_tim_Instruction_legal_check();    //时间同步数据合法性检查
..\code\application.c(194): warning:  #111-D: statement is unreachable
  		    large_doseInstruction_legal_check();    //大剂量数据合法性检查
..\code\application.c(208): warning:  #223-D: function "printf" declared implicitly
  	printf("get_liquid is %f\r\n",get_liquid);
..\code\application.c: 13 warnings, 0 errors
linking...
Program Size: Code=115868 RO-data=4348 RW-data=1180 ZI-data=6348  
After Build - User command #1: fromelf.exe  --text  -c -o Output/ble_simple_peripheral.txt  Objects/ble_simple_peripheral.axf
After Build - User command #2: fromelf.exe  --bin -o Output/ble_simple_peripheral.bin  Objects/ble_simple_peripheral.axf
".\Objects\ble_simple_peripheral.axf" - 0 Error(s), 13 Warning(s).
Build Time Elapsed:  00:00:01
</pre>
</body>
</html>
