<html>
<body>
<pre>
<h1>µVision Build Log</h1>
<h2>Tool Versions:</h2>
IDE-Version: ¶ÃVision V5.41.0.0
Copyright (C) 2024 ARM Ltd and ARM Germany GmbH. All rights reserved.
License Information: 1 Admin, 1, LIC=LSNXV-PW6PN-30ANC-7IPQ2-NE0BI-J0H51
 
Tool Versions:
Toolchain:       MDK-ARM Plus  Version: 5.41.0.0
Toolchain Path:  C:\Keil_v5\ARM\ARMCC\Bin
C Compiler:      Armcc.exe V5.06 update 6 (build 750)
Assembler:       Armasm.exe V5.06 update 6 (build 750)
Linker/Locator:  ArmLink.exe V5.06 update 6 (build 750)
Library Manager: ArmAr.exe V5.06 update 6 (build 750)
Hex Converter:   FromElf.exe V5.06 update 6 (build 750)
CPU DLL:         SARMCM3.DLL V5.41.0.0
Dialog DLL:      DCM.DLL V1.17.5.0
Target DLL:      Segger\JL2CM3.dll V2.99.45.0
Dialog DLL:      TCM.DLL V1.56.4.0
 
<h2>Project:</h2>
C:\Users\Administrator\Desktop\“»µ∫Àÿ±√\FR801xH-SDK-master\examples\dev1.0\ble_simple_central\keil\ble_simple_central.uvproj
Project File Date:  11/13/2024

<h2>Output:</h2>
*** Using Compiler 'V5.06 update 6 (build 750)', folder: 'C:\Keil_v5\ARM\ARMCC\Bin'
Build target 'ble_simple_central'
compiling ble_simple_central.c...
assembling app_boot_vectors.s...
compiling driver_pmu_qdec.c...
compiling driver_wdt.c...
compiling driver_keyscan.c...
compiling button.c...
..\..\..\..\components\modules\button\button.c(56): warning:  #550-D: variable "button_event"  was set but never used
      os_event_t button_event;
..\..\..\..\components\modules\button\button.c: 1 warning, 0 errors
compiling driver_iic.c...
compiling proj_main.c...
compiling core_cm3_isr.c...
compiling driver_rtc.c...
compiling patch.c...
compiling driver_pmu.c...
linking...
Program Size: Code=95780 RO-data=3804 RW-data=1004 ZI-data=3216  
After Build - User command #1: fromelf.exe  --text  -c -o Output/ble_simple_central.txt  Objects/ble_simple_central.axf
After Build - User command #2: fromelf.exe  --bin -o Output/ble_simple_central.bin  Objects/ble_simple_central.axf
".\Objects\ble_simple_central.axf" - 0 Error(s), 1 Warning(s).
Build Time Elapsed:  00:00:01
</pre>
</body>
</html>
