<html>
<body>
<pre>
<h1>µVision Build Log</h1>
<h2>Tool Versions:</h2>
IDE-Version: ¶ÃVision V5.41.0.0
Copyright (C) 2024 ARM Ltd and ARM Germany GmbH. All rights reserved.
License Information: 1 Admin, 1, LIC=LSNXV-PW6PN-30ANC-7IPQ2-NE0BI-J0H51
 
Tool Versions:
Toolchain:       MDK-ARM Plus  Version: 5.41.0.0
Toolchain Path:  C:\Keil_v5\ARM\ARMCC\Bin
C Compiler:      Armcc.exe V5.06 update 6 (build 750)
Assembler:       Armasm.exe V5.06 update 6 (build 750)
Linker/Locator:  ArmLink.exe V5.06 update 6 (build 750)
Library Manager: ArmAr.exe V5.06 update 6 (build 750)
Hex Converter:   FromElf.exe V5.06 update 6 (build 750)
CPU DLL:         SARMCM3.DLL V5.41.0.0
Dialog DLL:      DCM.DLL V1.17.5.0
Target DLL:      Segger\JL2CM3.dll V2.99.45.0
Dialog DLL:      TCM.DLL V1.56.4.0
 
<h2>Project:</h2>
C:\Users\Administrator\Desktop\“»µ∫Àÿ±√\sdk\FR801xH-SDK-master\FR801xH-SDK-master\examples\dev1.0\ble_simple_peripheral\keil\ble_simple_peripheral.uvproj
Project File Date:  10/31/2024

<h2>Output:</h2>
*** Using Compiler 'V5.06 update 6 (build 750)', folder: 'C:\Keil_v5\ARM\ARMCC\Bin'
Build target 'ble_simple_peripheral'
compiling ringbuffer.c...
compiling simple_gatt_service.c...
compiling adpcm_ms.c...
compiling speaker_service.c...
compiling button.c...
compiling adpcm_ima.c...
compiling proj_main.c...
compiling user_task.c...
compiling decoder.c...
compiling ble_simple_peripheral.c...
compiling speaker.c...
compiling sht3x.c...
compiling sht3x_sw_i2c.c...
compiling sht3x_common.c...
compiling gyro_driver.c...
compiling sht3x_sw_i2c_implementation.c...
compiling driver_pmu_qdec.c...
compiling driver_keyscan.c...
compiling capb18-001.c...
compiling driver_iic.c...
compiling lcd.c...
compiling driver_wdt.c...
compiling driver_pmu.c...
compiling driver_uart.c...
compiling driver_i2s.c...
compiling driver_rtc.c...
compiling driver_codec.c...
compiling driver_ssp.c...
assembling app_boot_vectors.s...
compiling driver_exti.c...
compiling driver_efuse.c...
compiling driver_timer.c...
compiling core_cm3_isr.c...
compiling patch.c...
linking...
Program Size: Code=120516 RO-data=244116 RW-data=2812 ZI-data=7648  
After Build - User command #1: fromelf.exe  --text  -c -o Output/ble_simple_peripheral.txt  Objects/ble_simple_peripheral.axf
After Build - User command #2: fromelf.exe  --bin -o Output/ble_simple_peripheral.bin  Objects/ble_simple_peripheral.axf
".\Objects\ble_simple_peripheral.axf" - 0 Error(s), 0 Warning(s).
Build Time Elapsed:  00:00:02
</pre>
</body>
</html>
