Component: ARM Compiler 5.06 update 6 (build 750) Tool: armlink [4d35ed]

==============================================================================

Section Cross References

    proj_main.o(i.user_custom_parameters) refers to driver_efuse.o(i.efuse_get_chip_unique_id) for efuse_get_chip_unique_id
    proj_main.o(i.user_custom_parameters) refers to jump_table.o(i.jump_table_set_static_keys_store_offset) for jump_table_set_static_keys_store_offset
    proj_main.o(i.user_custom_parameters) refers to app.o(i.ble_set_addr_type) for ble_set_addr_type
    proj_main.o(i.user_custom_parameters) refers to sys_utils.o(ram_code) for retry_handshake
    proj_main.o(i.user_entry_after_ble_init) refers to user_task.o(i.user_task_init) for user_task_init
    proj_main.o(i.user_entry_after_ble_init) refers to ble_multi_role.o(i.multi_role_init) for multi_role_init
    proj_main.o(i.user_entry_before_ble_init) refers to driver_pmu.o(i.pmu_set_sys_power_mode) for pmu_set_sys_power_mode
    proj_main.o(i.user_entry_before_ble_init) refers to flash.o(ram_code) for flash_protect_enable
    proj_main.o(i.user_entry_before_ble_init) refers to driver_pmu.o(i.pmu_enable_irq) for pmu_enable_irq
    proj_main.o(i.user_entry_before_ble_init) refers to sys_utils.o(ram_code) for co_delay_100us
    proj_main.o(ram_code) refers to entry.o(ram_code) for frspim_rd
    proj_main.o(ram_code) refers to button.o(i.button_toggle_detected) for button_toggle_detected
    proj_main.o(ram_code) refers to sys_utils.o(i.system_sleep_disable) for system_sleep_disable
    user_task.o(i.user_task_func) refers to user_task.o(.constdata) for .constdata
    user_task.o(i.user_task_init) refers to os_task.o(i.os_task_create) for os_task_create
    user_task.o(i.user_task_init) refers to user_task.o(i.user_task_func) for user_task_func
    user_task.o(i.user_task_init) refers to user_task.o(.data) for .data
    user_task.o(.constdata) refers to user_task.o(.conststring) for .conststring
    ble_multi_role.o(i.app_gap_evt_cb) refers to ble_multi_role.o(i.mr_start_adv) for mr_start_adv
    ble_multi_role.o(i.app_gap_evt_cb) refers to gap_api.o(i.gap_get_connect_num) for gap_get_connect_num
    ble_multi_role.o(i.app_gap_evt_cb) refers to gap_api.o(i.gap_stop_scan) for gap_stop_scan
    ble_multi_role.o(i.app_gap_evt_cb) refers to gap_api.o(i.gap_start_conn) for gap_start_conn
    ble_multi_role.o(i.app_gap_evt_cb) refers to gap_api.o(i.gap_security_get_bond_status) for gap_security_get_bond_status
    ble_multi_role.o(i.app_gap_evt_cb) refers to gap_api.o(i.gap_security_enc_req) for gap_security_enc_req
    ble_multi_role.o(i.app_gap_evt_cb) refers to gap_api.o(i.gap_security_pairing_req) for gap_security_pairing_req
    ble_multi_role.o(i.app_gap_evt_cb) refers to ble_multi_role.o(i.mr_central_start_scan) for mr_central_start_scan
    ble_multi_role.o(i.mr_central_msg_handler) refers to gatt_api.o(i.gatt_client_enable_ntf) for gatt_client_enable_ntf
    ble_multi_role.o(i.mr_central_msg_handler) refers to gatt_api.o(i.gatt_client_write_cmd) for gatt_client_write_cmd
    ble_multi_role.o(i.mr_central_msg_handler) refers to gatt_api.o(i.gatt_client_read) for gatt_client_read
    ble_multi_role.o(i.mr_central_msg_handler) refers to ble_multi_role.o(i.app_gap_evt_cb) for i.app_gap_evt_cb
    ble_multi_role.o(i.mr_central_msg_handler) refers to ble_multi_role.o(.data) for .data
    ble_multi_role.o(i.mr_central_start_scan) refers to gap_api.o(i.gap_start_scan) for gap_start_scan
    ble_multi_role.o(i.mr_start_adv) refers to gap_api.o(i.gap_set_advertising_param) for gap_set_advertising_param
    ble_multi_role.o(i.mr_start_adv) refers to gap_api.o(i.gap_set_advertising_data) for gap_set_advertising_data
    ble_multi_role.o(i.mr_start_adv) refers to gap_api.o(i.gap_set_advertising_rsp_data) for gap_set_advertising_rsp_data
    ble_multi_role.o(i.mr_start_adv) refers to gap_api.o(i.gap_start_advertising) for gap_start_advertising
    ble_multi_role.o(i.mr_start_adv) refers to ble_multi_role.o(.data) for .data
    ble_multi_role.o(i.multi_role_init) refers to gap_api.o(i.gap_security_param_init) for gap_security_param_init
    ble_multi_role.o(i.multi_role_init) refers to gap_api.o(i.gap_set_cb_func) for gap_set_cb_func
    ble_multi_role.o(i.multi_role_init) refers to gap_api.o(i.gap_bond_manager_init) for gap_bond_manager_init
    ble_multi_role.o(i.multi_role_init) refers to gap_api.o(i.gap_bond_manager_delete_all) for gap_bond_manager_delete_all
    ble_multi_role.o(i.multi_role_init) refers to gap_api.o(i.gap_set_dev_name) for gap_set_dev_name
    ble_multi_role.o(i.multi_role_init) refers to gap_api.o(i.gap_address_get) for gap_address_get
    ble_multi_role.o(i.multi_role_init) refers to simple_gatt_service.o(i.sp_gatt_add_service) for sp_gatt_add_service
    ble_multi_role.o(i.multi_role_init) refers to gatt_api.o(i.gatt_add_client) for gatt_add_client
[...]
    m_prov_adv_trans.o(i.m_prov_adv_trans_link_close_send) refers to m_prov_adv_trans.o(i.m_prov_adv_trans_tx_set) for m_prov_adv_trans_tx_set
    m_prov_adv_trans.o(i.m_prov_adv_trans_link_close_send) refers to m_prov.o(.data) for p_m_prov_env
    m_prov_adv_trans.o(i.m_prov_adv_trans_rx) refers to m_tb_buf.o(i.m_tb_buf_head_release) for m_tb_buf_head_release
    m_prov_adv_trans.o(i.m_prov_adv_trans_rx) refers to m_prov.o(i.m_prov_link_closed) for m_prov_link_closed
    m_prov_adv_trans.o(i.m_prov_adv_trans_rx) refers to m_prov.o(i.m_prov_link_open) for m_prov_link_open
    m_prov_adv_trans.o(i.m_prov_adv_trans_rx) refers to m_al_task.o(i.m_al_malloc) for m_al_malloc
    m_prov_adv_trans.o(i.m_prov_adv_trans_rx) refers to m_prov_adv_trans.o(i.m_prov_adv_trans_tx_set) for m_prov_adv_trans_tx_set
    m_prov_adv_trans.o(i.m_prov_adv_trans_rx) refers to m_tb_buf.o(i.m_tb_buf_alloc) for m_tb_buf_alloc
    m_prov_adv_trans.o(i.m_prov_adv_trans_rx) refers to m_prov_adv_trans.o(i.m_prov_adv_trans_rx_check) for m_prov_adv_trans_rx_check
    m_prov_adv_trans.o(i.m_prov_adv_trans_rx) refers to m_prov.o(i.m_prov_pdu_sent) for m_prov_pdu_sent
    m_prov_adv_trans.o(i.m_prov_adv_trans_rx) refers to m_tb_buf.o(i.m_tb_buf_release) for m_tb_buf_release
    m_prov_adv_trans.o(i.m_prov_adv_trans_rx) refers to m_prov.o(.data) for p_m_prov_env
    m_prov_adv_trans.o(i.m_prov_adv_trans_rx) refers to m_prov_adv_trans.o(i.m_prov_adv_trans_tx_cb) for m_prov_adv_trans_tx_cb
    m_prov_adv_trans.o(i.m_prov_adv_trans_rx_check) refers to m_prov_adv_trans.o(i.m_prov_adv_trans_fcs_compute) for m_prov_adv_trans_fcs_compute
    m_prov_adv_trans.o(i.m_prov_adv_trans_rx_check) refers to m_prov_adv_trans.o(i.m_prov_adv_trans_tx_set) for m_prov_adv_trans_tx_set
    m_prov_adv_trans.o(i.m_prov_adv_trans_rx_check) refers to m_prov.o(i.m_prov_pdu_rx) for m_prov_pdu_rx
    m_prov_adv_trans.o(i.m_prov_adv_trans_rx_check) refers to m_tb_buf.o(i.m_tb_buf_release) for m_tb_buf_release
    m_prov_adv_trans.o(i.m_prov_adv_trans_send) refers to m_tb_buf.o(i.m_tb_buf_acquire) for m_tb_buf_acquire
    m_prov_adv_trans.o(i.m_prov_adv_trans_send) refers to m_prov_adv_trans.o(i.m_prov_adv_trans_fcs_compute) for m_prov_adv_trans_fcs_compute
    m_prov_adv_trans.o(i.m_prov_adv_trans_send) refers to m_prov_adv_trans.o(i.m_prov_adv_trans_tx_set) for m_prov_adv_trans_tx_set
    m_prov_adv_trans.o(i.m_prov_adv_trans_send) refers to m_prov.o(.data) for p_m_prov_env
    m_prov_adv_trans.o(i.m_prov_adv_trans_sent) refers to m_tb_buf.o(i.m_tb_buf_release) for m_tb_buf_release
    m_prov_adv_trans.o(i.m_prov_adv_trans_sent) refers to m_prov_adv_trans.o(i.m_prov_adv_trans_clean_up) for m_prov_adv_trans_clean_up
    m_prov_adv_trans.o(i.m_prov_adv_trans_sent) refers to m_prov.o(i.m_prov_link_closed) for m_prov_link_closed
    m_prov_adv_trans.o(i.m_prov_adv_trans_sent) refers to m_prov_adv_trans.o(i.m_prov_adv_trans_tx_set) for m_prov_adv_trans_tx_set
    m_prov_adv_trans.o(i.m_prov_adv_trans_sent) refers to m_prov.o(.data) for p_m_prov_env
    m_prov_adv_trans.o(i.m_prov_adv_trans_tx_cb) refers to m_tb_buf.o(i.m_tb_buf_acquire) for m_tb_buf_acquire
    m_prov_adv_trans.o(i.m_prov_adv_trans_tx_cb) refers to m_tb_buf.o(i.m_tb_buf_reuse) for m_tb_buf_reuse
    m_prov_adv_trans.o(i.m_prov_adv_trans_tx_cb) refers to m_prov_bearer.o(i.m_prov_bearer_send) for m_prov_bearer_send
    m_prov_adv_trans.o(i.m_prov_adv_trans_tx_cb) refers to m_tb_buf.o(i.m_tb_buf_release) for m_tb_buf_release
    m_prov_adv_trans.o(i.m_prov_adv_trans_tx_cb) refers to m_prov.o(i.m_prov_link_closed) for m_prov_link_closed
    m_prov_adv_trans.o(i.m_prov_adv_trans_tx_cb) refers to m_prov.o(.data) for p_m_prov_env
    m_prov_adv_trans.o(i.m_prov_adv_trans_tx_cb) refers to m_prov_adv_trans.o(.data) for .data
    m_prov_adv_trans.o(i.m_prov_adv_trans_tx_set) refers to m_tb_timer.o(i.m_tb_timer_set) for m_tb_timer_set
    m_prov_adv_trans.o(i.m_prov_adv_trans_tx_set) refers to m_prov.o(.data) for p_m_prov_env
    m_tb_friend.o(i.m_tb_friend_get_friend_cnt) refers to m_tb_friend.o(.data) for .data
    m_tb_friend.o(i.m_tb_friend_get_nb_lpn_estab) refers to m_tb_friend.o(.data) for .data
    m_tb_friend.o(i.m_tb_friend_get_nb_lpn_known) refers to m_tb_friend.o(.data) for .data
    m_tb_friend.o(i.m_tb_friend_get_polltimeout_ms) refers to m_tb_friend.o(.data) for .data
    m_tb_friend.o(i.m_tb_friend_init) refers to m_tb_friend.o(.data) for .data
    m_tb_friend.o(i.m_tb_friend_is_lpn) refers to m_tb_friend.o(.data) for .data
    m_tb_friend.o(i.m_tb_friend_is_subs_dst) refers to m_tb_friend.o(.data) for .data
    m_tb_friend.o(i.m_tb_friend_lpn_add) refers to m_tb_friend.o(.data) for .data
    m_tb_friend.o(i.m_tb_friend_lpn_estab) refers to m_tb_friend.o(.data) for .data
    m_tb_friend.o(i.m_tb_friend_lpn_rem) refers to m_tb_friend.o(.data) for .data
    m_tb_friend.o(i.m_tb_friend_subs_list_update) refers to m_tb_friend.o(.data) for .data
    m_tb_sec.o(i.m_tb_sec_aes_ccm_cb) refers to m_tb_sec.o(i.m_tb_sec_func_end_handler) for m_tb_sec_func_end_handler
    m_tb_sec.o(i.m_tb_sec_aes_res_cb) refers to m_tb_sec.o(i.m_tb_sec_func_end_handler) for m_tb_sec_func_end_handler
    m_tb_sec.o(i.m_tb_sec_aes_start) refers to m_tb_sec.o(i.m_tb_sec_start) for m_tb_sec_start
    m_tb_sec.o(i.m_tb_sec_ccm_dec_start) refers to m_tb_sec.o(i.m_tb_sec_start) for m_tb_sec_start
    m_tb_sec.o(i.m_tb_sec_ccm_enc_start) refers to m_tb_sec.o(i.m_tb_sec_start) for m_tb_sec_start
    m_tb_sec.o(i.m_tb_sec_cmac_start) refers to m_tb_sec.o(i.m_tb_sec_start) for m_tb_sec_start
    m_tb_sec.o(i.m_tb_sec_execute) refers to m_al_sec.o(i.m_al_sec_aes) for m_al_sec_aes
    m_tb_sec.o(i.m_tb_sec_execute) refers to m_al_sec.o(i.m_al_sec_aes_cmac) for m_al_sec_aes_cmac
    m_tb_sec.o(i.m_tb_sec_execute) refers to m_al_sec.o(i.m_al_sec_aes_ccm) for m_al_sec_aes_ccm
    m_tb_sec.o(i.m_tb_sec_execute) refers to m_al_sec.o(i.m_al_sec_aes_s1) for m_al_sec_aes_s1
    m_tb_sec.o(i.m_tb_sec_execute) refers to m_al_sec.o(i.m_al_sec_aes_k1) for m_al_sec_aes_k1
    m_tb_sec.o(i.m_tb_sec_execute) refers to m_al_sec.o(i.m_al_sec_aes_k2) for m_al_sec_aes_k2
    m_tb_sec.o(i.m_tb_sec_execute) refers to m_al_sec.o(i.m_al_sec_aes_k3) for m_al_sec_aes_k3
    m_tb_sec.o(i.m_tb_sec_execute) refers to m_al_sec.o(i.m_al_sec_aes_k4) for m_al_sec_aes_k4
    m_tb_sec.o(i.m_tb_sec_execute) refers to m_al_sec.o(i.m_al_sec_rand) for m_al_sec_rand
    m_tb_sec.o(i.m_tb_sec_execute) refers to m_tb_sec.o(.data) for .data
    m_tb_sec.o(i.m_tb_sec_execute) refers to m_tb_sec.o(i.m_tb_sec_aes_res_cb) for m_tb_sec_aes_res_cb
    m_tb_sec.o(i.m_tb_sec_execute) refers to m_tb_sec.o(i.m_tb_sec_aes_ccm_cb) for m_tb_sec_aes_ccm_cb
    m_tb_sec.o(i.m_tb_sec_func_end_handler) refers to m_tb_sec.o(i.m_tb_sec_execute) for m_tb_sec_execute
    m_tb_sec.o(i.m_tb_sec_func_end_handler) refers to m_tb_sec.o(.data) for .data
    m_tb_sec.o(i.m_tb_sec_init) refers to m_tb_sec.o(.data) for .data
    m_tb_sec.o(i.m_tb_sec_k1_start) refers to m_tb_sec.o(i.m_tb_sec_start) for m_tb_sec_start
    m_tb_sec.o(i.m_tb_sec_k2_start) refers to m_tb_sec.o(i.m_tb_sec_start) for m_tb_sec_start
    m_tb_sec.o(i.m_tb_sec_k3_start) refers to m_tb_sec.o(i.m_tb_sec_start) for m_tb_sec_start
    m_tb_sec.o(i.m_tb_sec_k4_start) refers to m_tb_sec.o(i.m_tb_sec_start) for m_tb_sec_start
    m_tb_sec.o(i.m_tb_sec_rand_start) refers to m_tb_sec.o(i.m_tb_sec_start) for m_tb_sec_start
    m_tb_sec.o(i.m_tb_sec_rand_start) refers to m_tb_sec.o(i.m_tb_sec_ready_rand_cb) for m_tb_sec_ready_rand_cb
    m_tb_sec.o(i.m_tb_sec_s1_start) refers to m_tb_sec.o(i.m_tb_sec_start) for m_tb_sec_start
    m_tb_sec.o(i.m_tb_sec_start) refers to m_tb_sec.o(i.m_tb_sec_execute) for m_tb_sec_execute
    m_tb_sec.o(i.m_tb_sec_start) refers to m_tb_sec.o(.data) for .data
    printfb.o(i.__0fprintf$bare) refers to printfb.o(i._printf_core) for _printf_core
    printfb.o(i.__0printf$bare) refers to printfb.o(i._printf_core) for _printf_core
    printfb.o(i.__0snprintf$bare) refers to printfb.o(i._printf_core) for _printf_core
    printfb.o(i.__0snprintf$bare) refers to printfb.o(i._snputc) for _snputc
    printfb.o(i.__0sprintf$bare) refers to printfb.o(i._printf_core) for _printf_core
    printfb.o(i.__0sprintf$bare) refers to printfb.o(i._sputc) for _sputc
    printfb.o(i.__0vfprintf$bare) refers to printfb.o(i._printf_core) for _printf_core
    printfb.o(i.__0vprintf$bare) refers to printfb.o(i._printf_core) for _printf_core
    printfb.o(i.__0vsnprintf$bare) refers to printfb.o(i._printf_core) for _printf_core
    printfb.o(i.__0vsnprintf$bare) refers to printfb.o(i._snputc) for _snputc
    printfb.o(i.__0vsprintf$bare) refers to printfb.o(i._printf_core) for _printf_core
    printfb.o(i.__0vsprintf$bare) refers to printfb.o(i._sputc) for _sputc
    printf0.o(i.__0fprintf$0) refers to printf0.o(i._printf_core) for _printf_core
    printf0.o(i.__0printf$0) refers to printf0.o(i._printf_core) for _printf_core
    printf0.o(i.__0snprintf$0) refers to printf0.o(i._printf_core) for _printf_core
    printf0.o(i.__0snprintf$0) refers to printf0.o(i._snputc) for _snputc
    printf0.o(i.__0sprintf$0) refers to printf0.o(i._printf_core) for _printf_core
    printf0.o(i.__0sprintf$0) refers to printf0.o(i._sputc) for _sputc
    printf0.o(i.__0vfprintf$0) refers to printf0.o(i._printf_core) for _printf_core
    printf0.o(i.__0vprintf$0) refers to printf0.o(i._printf_core) for _printf_core
    printf0.o(i.__0vsnprintf$0) refers to printf0.o(i._printf_core) for _printf_core
    printf0.o(i.__0vsnprintf$0) refers to printf0.o(i._snputc) for _snputc
    printf0.o(i.__0vsprintf$0) refers to printf0.o(i._printf_core) for _printf_core
    printf0.o(i.__0vsprintf$0) refers to printf0.o(i._sputc) for _sputc
    printf1.o(i.__0fprintf$1) refers to printf1.o(i._printf_core) for _printf_core
    printf1.o(i.__0printf$1) refers to printf1.o(i._printf_core) for _printf_core
    printf1.o(i.__0snprintf$1) refers to printf1.o(i._printf_core) for _printf_core
    printf1.o(i.__0snprintf$1) refers to printf1.o(i._snputc) for _snputc
    printf1.o(i.__0sprintf$1) refers to printf1.o(i._printf_core) for _printf_core
    printf1.o(i.__0sprintf$1) refers to printf1.o(i._sputc) for _sputc
    printf1.o(i.__0vfprintf$1) refers to printf1.o(i._printf_core) for _printf_core
    printf1.o(i.__0vprintf$1) refers to printf1.o(i._printf_core) for _printf_core
    printf1.o(i.__0vsnprintf$1) refers to printf1.o(i._printf_core) for _printf_core
    printf1.o(i.__0vsnprintf$1) refers to printf1.o(i._snputc) for _snputc
    printf1.o(i.__0vsprintf$1) refers to printf1.o(i._printf_core) for _printf_core
    printf1.o(i.__0vsprintf$1) refers to printf1.o(i._sputc) for _sputc
    printf1.o(i._printf_core) refers to uidiv.o(.text) for __aeabi_uidivmod
    printf2.o(i.__0fprintf$2) refers to printf2.o(i._printf_core) for _printf_core
    printf2.o(i.__0printf$2) refers to printf2.o(i._printf_core) for _printf_core
    printf2.o(i.__0snprintf$2) refers to printf2.o(i._printf_core) for _printf_core
    printf2.o(i.__0snprintf$2) refers to printf2.o(i._snputc) for _snputc
    printf2.o(i.__0sprintf$2) refers to printf2.o(i._printf_core) for _printf_core
    printf2.o(i.__0sprintf$2) refers to printf2.o(i._sputc) for _sputc
    printf2.o(i.__0vfprintf$2) refers to printf2.o(i._printf_core) for _printf_core
    printf2.o(i.__0vprintf$2) refers to printf2.o(i._printf_core) for _printf_core
    printf2.o(i.__0vsnprintf$2) refers to printf2.o(i._printf_core) for _printf_core
    printf2.o(i.__0vsnprintf$2) refers to printf2.o(i._snputc) for _snputc
    printf2.o(i.__0vsprintf$2) refers to printf2.o(i._printf_core) for _printf_core
    printf2.o(i.__0vsprintf$2) refers to printf2.o(i._sputc) for _sputc
    printf3.o(i.__0fprintf$3) refers to printf3.o(i._printf_core) for _printf_core
    printf3.o(i.__0printf$3) refers to printf3.o(i._printf_core) for _printf_core
    printf3.o(i.__0snprintf$3) refers to printf3.o(i._printf_core) for _printf_core
    printf3.o(i.__0snprintf$3) refers to printf3.o(i._snputc) for _snputc
    printf3.o(i.__0sprintf$3) refers to printf3.o(i._printf_core) for _printf_core
    printf3.o(i.__0sprintf$3) refers to printf3.o(i._sputc) for _sputc
    printf3.o(i.__0vfprintf$3) refers to printf3.o(i._printf_core) for _printf_core
    printf3.o(i.__0vprintf$3) refers to printf3.o(i._printf_core) for _printf_core
    printf3.o(i.__0vsnprintf$3) refers to printf3.o(i._printf_core) for _printf_core
    printf3.o(i.__0vsnprintf$3) refers to printf3.o(i._snputc) for _snputc
    printf3.o(i.__0vsprintf$3) refers to printf3.o(i._printf_core) for _printf_core
    printf3.o(i.__0vsprintf$3) refers to printf3.o(i._sputc) for _sputc
    printf3.o(i._printf_core) refers to uidiv.o(.text) for __aeabi_uidivmod
    printf4.o(i.__0fprintf$4) refers to printf4.o(i._printf_core) for _printf_core
    printf4.o(i.__0printf$4) refers to printf4.o(i._printf_core) for _printf_core
    printf4.o(i.__0snprintf$4) refers to printf4.o(i._printf_core) for _printf_core
    printf4.o(i.__0snprintf$4) refers to printf4.o(i._snputc) for _snputc
    printf4.o(i.__0sprintf$4) refers to printf4.o(i._printf_core) for _printf_core
    printf4.o(i.__0sprintf$4) refers to printf4.o(i._sputc) for _sputc
    printf4.o(i.__0vfprintf$4) refers to printf4.o(i._printf_core) for _printf_core
    printf4.o(i.__0vprintf$4) refers to printf4.o(i._printf_core) for _printf_core
    printf4.o(i.__0vsnprintf$4) refers to printf4.o(i._printf_core) for _printf_core
    printf4.o(i.__0vsnprintf$4) refers to printf4.o(i._snputc) for _snputc
    printf4.o(i.__0vsprintf$4) refers to printf4.o(i._printf_core) for _printf_core
    printf4.o(i.__0vsprintf$4) refers to printf4.o(i._sputc) for _sputc
    printf4.o(i._printf_core) refers to uldiv.o(.text) for __aeabi_uldivmod
    printf5.o(i.__0fprintf$5) refers to printf5.o(i._printf_core) for _printf_core
    printf5.o(i.__0printf$5) refers to printf5.o(i._printf_core) for _printf_core
    printf5.o(i.__0snprintf$5) refers to printf5.o(i._printf_core) for _printf_core
    printf5.o(i.__0snprintf$5) refers to printf5.o(i._snputc) for _snputc
    printf5.o(i.__0sprintf$5) refers to printf5.o(i._printf_core) for _printf_core
    printf5.o(i.__0sprintf$5) refers to printf5.o(i._sputc) for _sputc
    printf5.o(i.__0vfprintf$5) refers to printf5.o(i._printf_core) for _printf_core
    printf5.o(i.__0vprintf$5) refers to printf5.o(i._printf_core) for _printf_core
    printf5.o(i.__0vsnprintf$5) refers to printf5.o(i._printf_core) for _printf_core
    printf5.o(i.__0vsnprintf$5) refers to printf5.o(i._snputc) for _snputc
    printf5.o(i.__0vsprintf$5) refers to printf5.o(i._printf_core) for _printf_core
    printf5.o(i.__0vsprintf$5) refers to printf5.o(i._sputc) for _sputc
    printf5.o(i._printf_core) refers to uldiv.o(.text) for __aeabi_uldivmod
    printf6.o(i.__0fprintf$6) refers to printf6.o(i._printf_core) for _printf_core
    printf6.o(i.__0printf$6) refers to printf6.o(i._printf_core) for _printf_core
    printf6.o(i.__0snprintf$6) refers to printf6.o(i._printf_core) for _printf_core
    printf6.o(i.__0snprintf$6) refers to printf6.o(i._snputc) for _snputc
    printf6.o(i.__0sprintf$6) refers to printf6.o(i._printf_core) for _printf_core
    printf6.o(i.__0sprintf$6) refers to printf6.o(i._sputc) for _sputc
    printf6.o(i.__0vfprintf$6) refers to printf6.o(i._printf_core) for _printf_core
    printf6.o(i.__0vprintf$6) refers to printf6.o(i._printf_core) for _printf_core
    printf6.o(i.__0vsnprintf$6) refers to printf6.o(i._printf_core) for _printf_core
    printf6.o(i.__0vsnprintf$6) refers to printf6.o(i._snputc) for _snputc
    printf6.o(i.__0vsprintf$6) refers to printf6.o(i._printf_core) for _printf_core
    printf6.o(i.__0vsprintf$6) refers to printf6.o(i._sputc) for _sputc
    printf6.o(i._printf_core) refers to printf6.o(i._printf_pre_padding) for _printf_pre_padding
    printf6.o(i._printf_core) refers to uidiv.o(.text) for __aeabi_uidivmod
    printf6.o(i._printf_core) refers to printf6.o(i._printf_post_padding) for _printf_post_padding
    printf7.o(i.__0fprintf$7) refers to printf7.o(i._printf_core) for _printf_core
    printf7.o(i.__0printf$7) refers to printf7.o(i._printf_core) for _printf_core
    printf7.o(i.__0snprintf$7) refers to printf7.o(i._printf_core) for _printf_core
    printf7.o(i.__0snprintf$7) refers to printf7.o(i._snputc) for _snputc
    printf7.o(i.__0sprintf$7) refers to printf7.o(i._printf_core) for _printf_core
    printf7.o(i.__0sprintf$7) refers to printf7.o(i._sputc) for _sputc
    printf7.o(i.__0vfprintf$7) refers to printf7.o(i._printf_core) for _printf_core
    printf7.o(i.__0vprintf$7) refers to printf7.o(i._printf_core) for _printf_core
    printf7.o(i.__0vsnprintf$7) refers to printf7.o(i._printf_core) for _printf_core
    printf7.o(i.__0vsnprintf$7) refers to printf7.o(i._snputc) for _snputc
    printf7.o(i.__0vsprintf$7) refers to printf7.o(i._printf_core) for _printf_core
    printf7.o(i.__0vsprintf$7) refers to printf7.o(i._sputc) for _sputc
    printf7.o(i._printf_core) refers to printf7.o(i._printf_pre_padding) for _printf_pre_padding
    printf7.o(i._printf_core) refers to uldiv.o(.text) for __aeabi_uldivmod
    printf7.o(i._printf_core) refers to printf7.o(i._printf_post_padding) for _printf_post_padding
    printf8.o(i.__0fprintf$8) refers to printf8.o(i._printf_core) for _printf_core
    printf8.o(i.__0printf$8) refers to printf8.o(i._printf_core) for _printf_core
    printf8.o(i.__0snprintf$8) refers to printf8.o(i._printf_core) for _printf_core
    printf8.o(i.__0snprintf$8) refers to printf8.o(i._snputc) for _snputc
    printf8.o(i.__0sprintf$8) refers to printf8.o(i._printf_core) for _printf_core
    printf8.o(i.__0sprintf$8) refers to printf8.o(i._sputc) for _sputc
    printf8.o(i.__0vfprintf$8) refers to printf8.o(i._printf_core) for _printf_core
    printf8.o(i.__0vprintf$8) refers to printf8.o(i._printf_core) for _printf_core
    printf8.o(i.__0vsnprintf$8) refers to printf8.o(i._printf_core) for _printf_core
    printf8.o(i.__0vsnprintf$8) refers to printf8.o(i._snputc) for _snputc
    printf8.o(i.__0vsprintf$8) refers to printf8.o(i._printf_core) for _printf_core
    printf8.o(i.__0vsprintf$8) refers to printf8.o(i._sputc) for _sputc
    printf8.o(i._printf_core) refers to printf8.o(i._printf_pre_padding) for _printf_pre_padding
    printf8.o(i._printf_core) refers to uldiv.o(.text) for __aeabi_uldivmod
    printf8.o(i._printf_core) refers to printf8.o(i._printf_post_padding) for _printf_post_padding
    printfa.o(i.__0fprintf) refers (Special) to iusefp.o(.text) for __I$use$fp
    printfa.o(i.__0fprintf) refers to printfa.o(i._printf_core) for _printf_core
    printfa.o(i.__0printf) refers (Special) to iusefp.o(.text) for __I$use$fp
    printfa.o(i.__0printf) refers to printfa.o(i._printf_core) for _printf_core
    printfa.o(i.__0snprintf) refers (Special) to iusefp.o(.text) for __I$use$fp
    printfa.o(i.__0snprintf) refers to printfa.o(i._printf_core) for _printf_core
    printfa.o(i.__0snprintf) refers to printfa.o(i._snputc) for _snputc
    printfa.o(i.__0sprintf) refers (Special) to iusefp.o(.text) for __I$use$fp
    printfa.o(i.__0sprintf) refers to printfa.o(i._printf_core) for _printf_core
    printfa.o(i.__0sprintf) refers to printfa.o(i._sputc) for _sputc
    printfa.o(i.__0vfprintf) refers (Special) to iusefp.o(.text) for __I$use$fp
    printfa.o(i.__0vfprintf) refers to printfa.o(i._printf_core) for _printf_core
    printfa.o(i.__0vprintf) refers (Special) to iusefp.o(.text) for __I$use$fp
    printfa.o(i.__0vprintf) refers to printfa.o(i._printf_core) for _printf_core
    printfa.o(i.__0vsnprintf) refers (Special) to iusefp.o(.text) for __I$use$fp
    printfa.o(i.__0vsnprintf) refers to printfa.o(i._printf_core) for _printf_core
    printfa.o(i.__0vsnprintf) refers to printfa.o(i._snputc) for _snputc
    printfa.o(i.__0vsprintf) refers (Special) to iusefp.o(.text) for __I$use$fp
    printfa.o(i.__0vsprintf) refers to printfa.o(i._printf_core) for _printf_core
    printfa.o(i.__0vsprintf) refers to printfa.o(i._sputc) for _sputc
    printfa.o(i._fp_digits) refers (Special) to iusefp.o(.text) for __I$use$fp
    printfa.o(i._fp_digits) refers to dmul.o(.text) for __aeabi_dmul
    printfa.o(i._fp_digits) refers to ddiv.o(.text) for __aeabi_ddiv
    printfa.o(i._fp_digits) refers to cdrcmple.o(.text) for __aeabi_cdrcmple
    printfa.o(i._fp_digits) refers to dadd.o(.text) for __aeabi_dadd
    printfa.o(i._fp_digits) refers to dfixul.o(.text) for __aeabi_d2ulz
    printfa.o(i._fp_digits) refers to uldiv.o(.text) for __aeabi_uldivmod
    printfa.o(i._printf_core) refers (Special) to iusefp.o(.text) for __I$use$fp
    printfa.o(i._printf_core) refers to printfa.o(i._printf_pre_padding) for _printf_pre_padding
    printfa.o(i._printf_core) refers to uldiv.o(.text) for __aeabi_uldivmod
    printfa.o(i._printf_core) refers to printfa.o(i._printf_post_padding) for _printf_post_padding
    printfa.o(i._printf_core) refers to printfa.o(i._fp_digits) for _fp_digits
    printfa.o(i._printf_core) refers to uidiv.o(.text) for __aeabi_uidivmod
    printfa.o(i._printf_post_padding) refers (Special) to iusefp.o(.text) for __I$use$fp
    printfa.o(i._printf_pre_padding) refers (Special) to iusefp.o(.text) for __I$use$fp
    printfa.o(i._snputc) refers (Special) to iusefp.o(.text) for __I$use$fp
    printfa.o(i._sputc) refers (Special) to iusefp.o(.text) for __I$use$fp
    fadd.o(.text) refers (Special) to iusefp.o(.text) for __I$use$fp
    fadd.o(.text) refers to fepilogue.o(.text) for _float_epilogue
    fmul.o(.text) refers (Special) to iusefp.o(.text) for __I$use$fp
    fdiv.o(.text) refers (Special) to iusefp.o(.text) for __I$use$fp
    fdiv.o(.text) refers to fepilogue.o(.text) for _float_round
    dadd.o(.text) refers (Special) to iusefp.o(.text) for __I$use$fp
    dadd.o(.text) refers to llshl.o(.text) for __aeabi_llsl
    dadd.o(.text) refers to llsshr.o(.text) for __aeabi_lasr
    dadd.o(.text) refers to depilogue.o(.text) for _double_epilogue
    ddiv.o(.text) refers (Special) to iusefp.o(.text) for __I$use$fp
    ddiv.o(.text) refers to depilogue.o(.text) for _double_round
    f2d.o(.text) refers (Special) to iusefp.o(.text) for __I$use$fp
    d2f.o(.text) refers (Special) to iusefp.o(.text) for __I$use$fp
    d2f.o(.text) refers to fepilogue.o(.text) for _float_round
    uldiv.o(.text) refers to llushr.o(.text) for __aeabi_llsr
    uldiv.o(.text) refers to llshl.o(.text) for __aeabi_llsl
    depilogue.o(.text) refers to llshl.o(.text) for __aeabi_llsl
    depilogue.o(.text) refers to llushr.o(.text) for __aeabi_llsr
    dmul.o(.text) refers to depilogue.o(.text) for _double_epilogue
    dfixul.o(.text) refers to llushr.o(.text) for __aeabi_llsr
    dfixul.o(.text) refers to llshl.o(.text) for __aeabi_llsl


==============================================================================

Removing Unused input sections from the image.

    Removing proj_main.o(.rev16_text), (4 bytes).
    Removing proj_main.o(.revsh_text), (4 bytes).
    Removing proj_main.o(.rrx_text), (6 bytes).
    Removing ble_multi_role.o(.rev16_text), (4 bytes).
    Removing ble_multi_role.o(.revsh_text), (4 bytes).
    Removing ble_multi_role.o(.rrx_text), (6 bytes).
    Removing button.o(i.button_anti_shake_timeout_handler), (64 bytes).
    Removing button.o(i.button_comb_just_pressed), (124 bytes).
    Removing button.o(i.button_comb_long_long_pressed), (132 bytes).
    Removing button.o(i.button_comb_long_pressed), (152 bytes).
    Removing button.o(i.button_comb_pressed), (156 bytes).
    Removing button.o(i.button_idle), (72 bytes).
    Removing button.o(i.button_init), (76 bytes).
    Removing button.o(i.button_int_isr), (40 bytes).
    Removing button.o(i.button_just_pressed), (92 bytes).
    Removing button.o(i.button_long_long_pressed), (80 bytes).
    Removing button.o(i.button_long_pressed), (104 bytes).
    Removing button.o(i.button_pressed), (120 bytes).
    Removing button.o(i.button_pressing_timeout_handler), (48 bytes).
    Removing button.o(i.button_send_event), (12 bytes).
    Removing button.o(i.button_task_func), (18 bytes).
    Removing button.o(i.button_timeout_handler), (24 bytes).
    Removing button.o(i.button_toggle_handler), (52 bytes).
    Removing button.o(i.button_wait_multi), (128 bytes).
    Removing button.o(.constdata), (40 bytes).
    Removing simple_gatt_service.o(.bss), (20 bytes).
    Removing simple_gatt_service.o(.bss), (20 bytes).
    Removing simple_gatt_service.o(.bss), (30 bytes).
    Removing simple_gatt_service.o(.bss), (40 bytes).
    Removing simple_gatt_service.o(.bss), (50 bytes).
    Removing simple_gatt_service.o(.data), (2 bytes).
    Removing driver_iic.o(.rev16_text), (4 bytes).
    Removing driver_iic.o(.revsh_text), (4 bytes).
    Removing driver_iic.o(.rrx_text), (6 bytes).
    Removing driver_iic.o(i.iic_init), (108 bytes).
    Removing driver_iic.o(i.iic_int_disable), (24 bytes).
    Removing driver_iic.o(i.iic_int_enable), (24 bytes).
    Removing driver_iic.o(i.iic_read_byte), (96 bytes).
    Removing driver_iic.o(i.iic_read_bytes), (156 bytes).
    Removing driver_iic.o(i.iic_read_bytes_no_regaddr), (148 bytes).
    Removing driver_iic.o(i.iic_write_byte), (80 bytes).
    Removing driver_iic.o(i.iic_write_bytes), (120 bytes).
    Removing driver_iic.o(i.iic_write_bytes_imp), (112 bytes).
    Removing driver_iic.o(i.iic_write_bytes_no_regaddr), (108 bytes).
    Removing driver_iic.o(ram_code), (24 bytes).
    Removing driver_iic.o(.data), (4 bytes).
    Removing driver_pmu.o(.rev16_text), (4 bytes).
    Removing driver_pmu.o(.revsh_text), (4 bytes).
    Removing driver_pmu.o(.rrx_text), (6 bytes).
    Removing driver_pmu.o(i.pmu_codec_power_disable), (30 bytes).
    Removing driver_pmu.o(i.pmu_codec_power_enable), (32 bytes).
    Removing driver_pmu.o(i.pmu_disable_irq), (32 bytes).
    Removing driver_pmu.o(i.pmu_enable_charge), (96 bytes).
    Removing driver_pmu.o(i.pmu_get_gpio_port_value), (18 bytes).
    Removing driver_pmu.o(i.pmu_get_gpio_value), (28 bytes).
    Removing driver_pmu.o(i.pmu_otd_threshold_set), (36 bytes).
    Removing driver_pmu.o(i.pmu_port_wakeup_func_set), (196 bytes).
    Removing driver_pmu.o(i.pmu_set_aldo_voltage), (54 bytes).
    Removing driver_pmu.o(i.pmu_set_gpio_value), (54 bytes).
    Removing driver_pmu.o(i.pmu_set_led1_as_pwm), (32 bytes).
    Removing driver_pmu.o(i.pmu_set_led1_value), (102 bytes).
    Removing driver_pmu.o(i.pmu_set_led2_as_pwm), (32 bytes).
    Removing driver_pmu.o(i.pmu_set_led2_value), (102 bytes).
    Removing driver_pmu.o(i.pmu_set_lp_clk_src), (180 bytes).
    Removing driver_pmu.o(i.pmu_set_pin_dir), (54 bytes).
    Removing driver_pmu.o(i.pmu_set_pin_pull), (54 bytes).
    Removing driver_pmu.o(i.pmu_set_pin_to_CPU), (36 bytes).
    Removing driver_pmu.o(i.pmu_set_pin_to_PMU), (36 bytes).
    Removing driver_pmu.o(i.pmu_set_port_mux), (74 bytes).
    Removing driver_pmu.o(.data), (1 bytes).
    Removing driver_keyscan.o(i.keyscan_init), (578 bytes).
    Removing driver_keyscan.o(i.keyscan_test), (32 bytes).
    Removing driver_pmu_qdec.o(i.pmu_qdec_autorest_cnt_flag), (64 bytes).
    Removing driver_pmu_qdec.o(i.pmu_qdec_init), (32 bytes).
    Removing driver_pmu_qdec.o(i.pmu_qdec_set_debounce_cnt), (12 bytes).
    Removing driver_pmu_qdec.o(i.pmu_qdec_set_irq_type), (68 bytes).
    Removing driver_pmu_qdec.o(i.pmu_qdec_set_pin), (14 bytes).
    Removing driver_pmu_qdec.o(i.pmu_qdec_set_threshold), (12 bytes).
    Removing driver_rtc.o(.rev16_text), (4 bytes).
    Removing driver_rtc.o(.revsh_text), (4 bytes).
    Removing driver_rtc.o(.rrx_text), (6 bytes).
    Removing driver_rtc.o(i.rtc_alarm), (108 bytes).
    Removing driver_rtc.o(i.rtc_disalarm), (38 bytes).
    Removing driver_rtc.o(i.rtc_get_value), (10 bytes).
    Removing driver_rtc.o(i.rtc_init), (112 bytes).
    Removing driver_uart.o(.rev16_text), (4 bytes).
    Removing driver_uart.o(.revsh_text), (4 bytes).
    Removing driver_uart.o(.rrx_text), (6 bytes).
    Removing driver_uart.o(i.uart_init1), (202 bytes).
    Removing driver_wdt.o(i.wdt_feed), (8 bytes).
    Removing driver_wdt.o(i.wdt_start), (40 bytes).
    Removing driver_wdt.o(i.wdt_stop), (32 bytes).
    Removing driver_wdt.o(i.wdt_test), (30 bytes).
    Removing driver_i2s.o(.rev16_text), (4 bytes).
    Removing driver_i2s.o(.revsh_text), (4 bytes).
    Removing driver_i2s.o(.rrx_text), (6 bytes).
    Removing driver_i2s.o(i.i2s_clear_fifo), (28 bytes).
    Removing driver_i2s.o(i.i2s_get_data), (52 bytes).
    Removing driver_i2s.o(i.i2s_get_int_status), (12 bytes).
    Removing driver_i2s.o(i.i2s_init), (140 bytes).
    Removing driver_i2s.o(i.i2s_send_data), (52 bytes).
    Removing driver_i2s.o(i.i2s_start), (32 bytes).
    Removing driver_i2s.o(i.i2s_stop), (28 bytes).
    Removing driver_exti.o(.rev16_text), (4 bytes).
    Removing driver_exti.o(.revsh_text), (4 bytes).
    Removing driver_exti.o(.rrx_text), (6 bytes).
    Removing driver_exti.o(i.ext_int_clear), (12 bytes).
    Removing driver_exti.o(i.ext_int_disable), (20 bytes).
    Removing driver_exti.o(i.ext_int_enable), (20 bytes).
    Removing driver_exti.o(i.ext_int_get_src), (12 bytes).
    Removing driver_exti.o(i.ext_int_set_control), (40 bytes).
    Removing driver_exti.o(i.ext_int_set_port_mux), (28 bytes).
    Removing driver_exti.o(i.ext_int_set_type), (48 bytes).
    Removing driver_exti.o(.constdata), (4 bytes).
    Removing driver_exti.o(.data), (4 bytes).
    Removing driver_timer.o(.rev16_text), (4 bytes).
    Removing driver_timer.o(.revsh_text), (4 bytes).
    Removing driver_timer.o(.rrx_text), (6 bytes).
    Removing driver_timer.o(i.timer_get_current_value), (6 bytes).
    Removing driver_timer.o(i.timer_get_load_value), (6 bytes).
    Removing driver_timer.o(i.timer_init), (188 bytes).
    Removing driver_timer.o(i.timer_reload), (12 bytes).
    Removing driver_timer.o(.constdata), (48 bytes).
    Removing driver_efuse.o(.rev16_text), (4 bytes).
    Removing driver_efuse.o(.revsh_text), (4 bytes).
    Removing driver_efuse.o(.rrx_text), (6 bytes).
    Removing driver_efuse.o(i.efuse_get_chip_unique_id_new), (182 bytes).
    Removing driver_efuse.o(i.efuse_write), (40 bytes).
    Removing driver_efuse.o(i.reverse_uint8_t), (42 bytes).
    Removing driver_efuse.o(i.trans_lot_id), (14 bytes).
    Removing core_cm3_isr.o(.rev16_text), (4 bytes).
    Removing core_cm3_isr.o(.revsh_text), (4 bytes).
    Removing core_cm3_isr.o(.rrx_text), (6 bytes).
    Removing app_boot_vectors.o(STACK), (0 bytes).
    Removing patch.o(.rev16_text), (4 bytes).
    Removing patch.o(.revsh_text), (4 bytes).
    Removing patch.o(.rrx_text), (6 bytes).
    Removing gap_api.o(i.gap_address_set), (168 bytes).
    Removing gap_api.o(i.gap_bond_manager_add_info), (30 bytes).
    Removing gap_api.o(i.gap_bond_manager_delete), (4 bytes).
    Removing gap_api.o(i.gap_bond_manager_delete_by_idx), (4 bytes).
    Removing gap_api.o(i.gap_bond_manager_get_info), (4 bytes).
    Removing gap_api.o(i.gap_conn_param_update), (56 bytes).
    Removing gap_api.o(i.gap_conn_phy_update), (56 bytes).
    Removing gap_api.o(i.gap_get_conn_phy), (44 bytes).
    Removing gap_api.o(i.gap_get_encryption_status), (12 bytes).
    Removing gap_api.o(i.gap_get_latest_bond_idx), (4 bytes).
    Removing gap_api.o(i.gap_get_latest_conn_parameter), (8 bytes).
    Removing gap_api.o(i.gap_get_link_features), (44 bytes).
    Removing gap_api.o(i.gap_get_link_rssi), (44 bytes).
    Removing gap_api.o(i.gap_get_link_version), (44 bytes).
    Removing gap_api.o(i.gap_param_update_rsp), (38 bytes).
    Removing gap_api.o(i.gap_sec_clr_fixed_ltk), (4 bytes).
    Removing gap_api.o(i.gap_sec_nc_rsp), (4 bytes).
    Removing gap_api.o(i.gap_sec_set_fixed_ltk), (4 bytes).
    Removing gap_api.o(i.gap_security_get_bond_req), (12 bytes).
    Removing gap_api.o(i.gap_security_req), (4 bytes).
    Removing gap_api.o(i.gap_security_send_pairing_password), (4 bytes).
    Removing gap_api.o(i.gap_set_advertising_data1), (10 bytes).
    Removing gap_api.o(i.gap_set_advertising_param1), (8 bytes).
    Removing gap_api.o(i.gap_set_advertising_rsp_data1), (10 bytes).
    Removing gap_api.o(i.gap_set_channel_map), (56 bytes).
    Removing gap_api.o(i.gap_set_mtu), (18 bytes).
    Removing gap_api.o(i.gap_set_per_adv_data), (10 bytes).
    Removing gap_api.o(i.gap_set_per_adv_data1), (10 bytes).
    Removing gap_api.o(i.gap_set_ral), (4 bytes).
    Removing gap_api.o(i.gap_set_wl), (4 bytes).
    Removing gap_api.o(i.gap_start_advertising1), (8 bytes).
    Removing gap_api.o(i.gap_start_conn_long_range), (84 bytes).
    Removing gap_api.o(i.gap_start_conn_whitelist), (156 bytes).
    Removing gap_api.o(i.gap_start_per_sync), (116 bytes).
    Removing gap_api.o(i.gap_stop_advertising), (6 bytes).
    Removing gap_api.o(i.gap_stop_advertising1), (6 bytes).
    Removing gap_api.o(i.gap_stop_conn), (12 bytes).
    Removing gap_api.o(i.gap_stop_per_sync), (56 bytes).
    Removing gatt_api.o(i.gatt_change_client_uuid), (128 bytes).
    Removing gatt_api.o(i.gatt_change_svc), (332 bytes).
    Removing gatt_api.o(i.gatt_check_peer_svc), (316 bytes).
    Removing gatt_api.o(i.gatt_client_direct_register), (56 bytes).
    Removing gatt_api.o(i.gatt_client_enable_ntf_ind), (92 bytes).
    Removing gatt_api.o(i.gatt_client_read_by_uuid), (120 bytes).
    Removing gatt_api.o(i.gatt_client_write_req), (52 bytes).
    Removing gatt_api.o(i.gatt_delete_svc), (132 bytes).
    Removing gatt_api.o(i.gatt_delete_svc_internal), (124 bytes).
    Removing gatt_api.o(i.gatt_delete_svc_list), (220 bytes).
    Removing gatt_api.o(i.gatt_discovery_all_peer_svc), (192 bytes).
    Removing gatt_api.o(i.gatt_discovery_peer_svc), (212 bytes).
    Removing gatt_api.o(i.gatt_get_client_read_handle), (40 bytes).
    Removing gatt_api.o(i.gatt_get_notification_handle), (40 bytes).
    Removing gatt_api.o(i.gatt_get_svc_hdl), (84 bytes).
    Removing gatt_api.o(i.gatt_get_task_no_from_prf_id), (60 bytes).
    Removing gatt_api.o(i.gatt_indication), (48 bytes).
    Removing gatt_api.o(i.gatt_indication_with_handle), (104 bytes).
    Removing gatt_api.o(i.gatt_msg_default), (20 bytes).
    Removing gatt_api.o(i.gatt_mtu_exchange_req), (34 bytes).
    Removing gatt_api.o(i.gatt_svc_changed_req), (44 bytes).
    Removing app.o(.rev16_text), (4 bytes).
    Removing app.o(.revsh_text), (4 bytes).
    Removing app.o(.rrx_text), (6 bytes).
    Removing app.o(i.ble_aes128_start), (66 bytes).
    Removing app.o(i.ble_gap_get_peer_info), (80 bytes).
    Removing app.o(i.ble_set_diagport), (112 bytes).
    Removing app.o(i.ble_set_ral), (144 bytes).
    Removing app.o(i.ble_set_rlsv_addr_renew_time), (12 bytes).
    Removing app.o(i.ble_set_wl), (88 bytes).
    Removing app.o(i.gap_lecb_add_credit), (44 bytes).
    Removing app.o(i.gap_lecb_conn_req), (68 bytes).
    Removing app.o(i.gap_lecb_disconn_req), (40 bytes).
    Removing app.o(i.gap_lecb_send), (66 bytes).
    Removing app.o(i.gap_lepsm_register), (40 bytes).
    Removing app.o(i.gap_lepsm_unregister), (32 bytes).
    Removing app.o(i.l2cap_recv_data_direct_register), (12 bytes).
    Removing app.o(i.l2cap_send_data_direct), (58 bytes).
    Removing app.o(i.user_entry_after_ble_init), (44 bytes).
    Removing entry.o(.rev16_text), (4 bytes).
    Removing entry.o(.revsh_text), (4 bytes).
    Removing entry.o(.rrx_text), (6 bytes).
    Removing entry.o(i.check_and_set_rand_seed), (236 bytes).
    Removing entry.o(i.get_SDK_compile_date_time), (36 bytes).
    Removing entry.o(i.pmu_recalib_rc), (72 bytes).
    Removing entry.o(i.user_entry_before_ble_init), (2 bytes).
    Removing jump_table.o(.rev16_text), (4 bytes).
    Removing jump_table.o(.revsh_text), (4 bytes).
    Removing jump_table.o(.rrx_text), (6 bytes).
    Removing patch_rtos.o(.rev16_text), (4 bytes).
    Removing patch_rtos.o(.revsh_text), (4 bytes).
    Removing patch_rtos.o(.rrx_text), (6 bytes).
    Removing patch_rtos.o(i.freertos_baseband_restore_done_patch), (172 bytes).
    Removing patch_rf_fcc.o(.rev16_text), (4 bytes).
    Removing patch_rf_fcc.o(.revsh_text), (4 bytes).
    Removing patch_rf_fcc.o(.rrx_text), (6 bytes).
    Removing patch_rf_fcc.o(i.gap_set_link_rssi_report), (72 bytes).
    Removing patch_rf_fcc.o(i.system_latency_disable), (44 bytes).
    Removing patch_rf_fcc.o(i.system_set_conn_sleep_max_during), (12 bytes).
    Removing patch_rf_fcc.o(i.test_start), (304 bytes).
    Removing sys_utils.o(.rev16_text), (4 bytes).
    Removing sys_utils.o(.revsh_text), (4 bytes).
    Removing sys_utils.o(.rrx_text), (6 bytes).
    Removing sys_utils.o(i.Smoothing_Filter_destroy), (48 bytes).
    Removing sys_utils.o(i.Smoothing_Filter_init), (112 bytes).
    Removing sys_utils.o(i.Smoothing_Filter_reset), (76 bytes).
    Removing sys_utils.o(i.aes_decrypt), (84 bytes).
    Removing sys_utils.o(i.ascii_strn2val), (70 bytes).
    Removing sys_utils.o(i.char_to_val), (38 bytes).
    Removing sys_utils.o(i.hex4bit_to_caps_char), (14 bytes).
    Removing sys_utils.o(i.hex4bit_to_char), (14 bytes).
    Removing sys_utils.o(i.hex_arr_to_str), (48 bytes).
    Removing sys_utils.o(i.str_to_hex_arr), (36 bytes).
    Removing sys_utils.o(i.str_to_val), (46 bytes).
    Removing sys_utils.o(i.system_get_curr_time), (18 bytes).
    Removing sys_utils.o(i.system_get_spare_exmem), (96 bytes).
    Removing sys_utils.o(i.system_optimize_power_consumption_set), (12 bytes).
    Removing sys_utils.o(i.system_power_off), (420 bytes).
    Removing sys_utils.o(i.system_prevent_sleep_clear), (8 bytes).
    Removing sys_utils.o(i.system_prevent_sleep_set), (8 bytes).
    Removing sys_utils.o(i.system_set_rf_power), (32 bytes).
    Removing sys_utils.o(i.system_set_tx_power), (100 bytes).
    Removing sys_utils.o(i.system_sleep_enable), (8 bytes).
    Removing sys_utils.o(i.val_to_str), (16 bytes).
    Removing os_msg_q.o(i.os_msg_free), (6 bytes).
    Removing os_msg_q.o(i.os_msg_malloc), (4 bytes).
    Removing os_msg_q.o(i.os_msg_send), (4 bytes).
    Removing os_task.o(i.cmp_dest_id), (14 bytes).
    Removing os_task.o(i.ke_task_delete), (72 bytes).
    Removing os_task.o(i.ke_task_saved_update), (88 bytes).
    Removing os_task.o(i.os_get_free_task_id_num), (32 bytes).
    Removing os_task.o(i.os_task_delete), (4 bytes).
    Removing os_task.o(i.os_task_process_saved_msg), (4 bytes).
    Removing os_task.o(i.os_user_loop_event_clear), (6 bytes).
    Removing os_task.o(i.os_user_loop_event_set), (20 bytes).
    Removing os_timer.o(i.os_timer_destroy), (80 bytes).
    Removing os_timer.o(i.os_timer_init), (148 bytes).
    Removing flash.o(.rev16_text), (4 bytes).
    Removing flash.o(.revsh_text), (4 bytes).
    Removing flash.o(.rrx_text), (6 bytes).
    Removing flash.o(i.flash_OTP_protect), (26 bytes).
    Removing app_conn.o(i.appm_conn_send_data), (84 bytes).
    Removing app_conn.o(i.appm_delete_conn_act), (56 bytes).
    Removing app_conn.o(i.appm_stop_conn), (60 bytes).
    Removing user_bond_manage.o(i.ble_bond_addr_check_result), (24 bytes).
    Removing user_bond_manage.o(i.ble_bond_clr_info), (164 bytes).
    Removing user_bond_manage.o(i.ble_bond_clr_info_by_idx), (120 bytes).
    Removing user_bond_manage.o(i.ble_bond_get_bond_info), (140 bytes).
    Removing user_bond_manage.o(i.ble_bond_get_last_bond_idx), (24 bytes).
    Removing user_bond_manage.o(i.gatt_load_peer_svc_from_flash), (148 bytes).
    Removing app_sec.o(i.ble_sec_clr_fixed_ltk), (12 bytes).
    Removing app_sec.o(i.ble_sec_nc_rsp), (36 bytes).
    Removing app_sec.o(i.ble_sec_remove_bond), (24 bytes).
    Removing app_sec.o(i.ble_sec_send_paring_password), (56 bytes).
    Removing app_sec.o(i.ble_sec_send_security_req), (36 bytes).
    Removing app_sec.o(i.ble_sec_set_fixed_ltk), (48 bytes).
    Removing app_sec.o(i.bond_info_add), (78 bytes).
    Removing app_sec.o(i.gap_pairing_rsp), (12 bytes).
    Removing app_sec.o(i.gap_security_check_rand_ediv), (12 bytes).
    Removing adv_check_mode.o(.rev16_text), (4 bytes).
    Removing adv_check_mode.o(.revsh_text), (4 bytes).
    Removing adv_check_mode.o(.rrx_text), (6 bytes).
    Removing adv_check_mode.o(i.calib_lld_reset), (88 bytes).
    Removing adv_check_mode.o(.data), (1 bytes).
    Removing gapm.o(i.gapm_get_id_from_task), (52 bytes).
    Removing gapm.o(i.gapm_get_task_from_id), (60 bytes).
    Removing attm.o(i.attm_att_set_permission), (112 bytes).
    Removing attm.o(i.attm_is_bt16_uuid), (48 bytes).
    Removing attm.o(i.attm_is_bt32_uuid), (48 bytes).
    Removing attm.o(i.attm_reserve_handle_range), (34 bytes).
    Removing attm.o(i.attm_svc_create_db_128), (320 bytes).
    Removing attm.o(i.attm_svc_set_permission), (34 bytes).
    Removing gattc.o(i.gattc_get_op_seq_num), (28 bytes).
    Removing prf.o(i.prf_dst_task_get), (16 bytes).
    Removing prf.o(i.prf_env_get), (72 bytes).
    Removing prf.o(i.prf_get_id_from_task), (76 bytes).
    Removing prf.o(i.prf_src_task_get), (16 bytes).
    Removing prf_utils.o(i.prf_check_svc_char_desc_validity), (56 bytes).
    Removing prf_utils.o(i.prf_check_svc_char_validity), (68 bytes).
    Removing prf_utils.o(i.prf_client_att_info_rsp), (86 bytes).
    Removing prf_utils.o(i.prf_disc_svc_send), (64 bytes).
    Removing prf_utils.o(i.prf_extract_svc_info), (320 bytes).
    Removing prf_utils.o(i.prf_gatt_write), (86 bytes).
    Removing prf_utils.o(i.prf_gatt_write_ntf_ind), (28 bytes).
    Removing prf_utils.o(i.prf_pack_date_time), (32 bytes).
    Removing prf_utils.o(i.prf_read_char_send), (52 bytes).
    Removing prf_utils.o(i.prf_register_atthdl2gatt), (58 bytes).
    Removing prf_utils.o(i.prf_unpack_date_time), (28 bytes).
    Removing prf_utils.o(i.prf_unregister_atthdl2gatt), (58 bytes).
    Removing patch_no_md_bit.o(i.dbg_log), (56 bytes).
    Removing patch_no_md_bit.o(i.gatt_get_tx_buf_nb), (32 bytes).
    Removing patch_no_md_bit.o(i.patch_get_con_evt_cnt), (16 bytes).
    Removing patch_no_md_bit.o(i.patch_set_event_cnt_target), (32 bytes).
    Removing mesh_api.o(i.app_mesh_enable_prf), (2 bytes).
    Removing mesh_api.o(i.mesh_add_model), (68 bytes).
    Removing mesh_api.o(i.mesh_adv_report_ind_user_handler), (124 bytes).
    Removing mesh_api.o(i.mesh_api_cmp_handler), (520 bytes).
    Removing mesh_api.o(i.mesh_api_compo_data_req_ind_handler), (36 bytes).
    Removing mesh_api.o(i.mesh_api_fault_get_req_ind_handler), (52 bytes).
    Removing mesh_api.o(i.mesh_api_model_msg_ind_handler), (104 bytes).
    Removing mesh_api.o(i.mesh_api_model_opcode_check), (44 bytes).
    Removing mesh_api.o(i.mesh_api_model_opcode_req_ind_handler), (48 bytes).
    Removing mesh_api.o(i.mesh_api_node_reset_ind_handler), (28 bytes).
    Removing mesh_api.o(i.mesh_api_prov_auth_data_req_handler), (28 bytes).
    Removing mesh_api.o(i.mesh_api_prov_param_req_handler), (28 bytes).
    Removing mesh_api.o(i.mesh_api_prov_state_ind_handler), (100 bytes).
    Removing mesh_api.o(i.mesh_api_proxy_end_ind_handler), (28 bytes).
    Removing mesh_api.o(i.mesh_api_update_ind_handler), (40 bytes).
    Removing mesh_api.o(i.mesh_get_node_unicast_addr), (4 bytes).
    Removing mesh_api.o(i.mesh_get_remote_param), (16 bytes).
    Removing mesh_api.o(i.mesh_init), (200 bytes).
    Removing mesh_api.o(i.mesh_iv_update), (38 bytes).
    Removing mesh_api.o(i.mesh_load_stored_info), (60 bytes).
    Removing mesh_api.o(i.mesh_model_add_publish_addr), (208 bytes).
    Removing mesh_api.o(i.mesh_model_bind_appkey), (88 bytes).
    Removing mesh_api.o(i.mesh_model_del_group_addr), (92 bytes).
    Removing mesh_api.o(i.mesh_model_opcode_check), (4 bytes).
    Removing mesh_api.o(i.mesh_model_sub_group_addr), (92 bytes).
    Removing mesh_api.o(i.mesh_msg_dflt_handler), (4 bytes).
    Removing mesh_api.o(i.mesh_proxy_ctrl), (38 bytes).
    Removing mesh_api.o(i.mesh_publish_msg), (132 bytes).
    Removing mesh_api.o(i.mesh_send_compo_data_rsp), (56 bytes).
    Removing mesh_api.o(i.mesh_send_prov_auth_data_rsp), (56 bytes).
    Removing mesh_api.o(i.mesh_send_prov_param_rsp), (94 bytes).
    Removing mesh_api.o(i.mesh_send_rsp), (144 bytes).
    Removing mesh_api.o(i.mesh_set_adv_parameter), (20 bytes).
    Removing mesh_api.o(i.mesh_set_cb_func), (12 bytes).
    Removing mesh_api.o(i.mesh_set_scan_parameter), (20 bytes).
    Removing mesh_api.o(i.mesh_set_scan_rsp_data), (60 bytes).
    Removing mesh_api.o(i.mesh_start), (34 bytes).
    Removing mesh_api.o(i.mesh_stop), (34 bytes).
    Removing mesh_api.o(i.mesh_stop_prov_link_timeout_timer), (34 bytes).
    Removing mesh_api.o(.constdata), (96 bytes).
    Removing mesh_api.o(.constdata), (8 bytes).
    Removing mesh_api.o(.conststring), (102 bytes).
    Removing mesh_api.o(.data), (32 bytes).
    Removing attm_db.o(i.attmdb_svc_visibility_set), (52 bytes).
    Removing gattc_task.o(i.gattc_trans_timeout_ctrl), (12 bytes).
    Removing l2cc_pdu.o(i.l2cc_dbg_pdu_unpack), (42 bytes).
    Removing app_mesh_info.o(i.app_mesh_info_update_app_key), (188 bytes).
    Removing app_mesh_info.o(i.app_mesh_info_update_bind), (188 bytes).
    Removing app_mesh_info.o(i.app_mesh_info_update_net_key), (176 bytes).
    Removing app_mesh_info.o(i.app_mesh_info_update_publish), (252 bytes).
    Removing app_mesh_info.o(i.app_mesh_info_update_state), (164 bytes).
    Removing app_mesh_info.o(i.app_mesh_info_update_subs), (188 bytes).
    Removing app_mesh_info.o(i.mesh_info_clear), (48 bytes).
    Removing app_mesh_info.o(i.mesh_info_find_unicast_addr), (24 bytes).
    Removing app_mesh_info.o(i.mesh_info_load), (220 bytes).
    Removing app_mesh_info.o(i.mesh_info_store), (56 bytes).
    Removing app_mesh_info.o(i.mesh_info_store_into_flash), (112 bytes).
    Removing app_mesh_info.o(.data), (4 bytes).
    Removing m_al_adv.o(i.m_al_adv_cmp_evt_handler), (30 bytes).
    Removing m_al_adv.o(i.m_al_adv_continue), (252 bytes).
    Removing m_al_adv.o(i.m_al_adv_created_ind_handler), (24 bytes).
    Removing m_al_adv.o(i.m_al_adv_init), (32 bytes).
    Removing m_al_adv.o(i.m_al_adv_send), (72 bytes).
    Removing m_al_adv.o(i.m_al_adv_stopped_ind_handler), (12 bytes).
    Removing m_al_adv.o(.constdata), (12 bytes).
    Removing m_al_adv.o(.data), (2 bytes).
    Removing m_al_adv.o(.data), (2 bytes).
    Removing m_al_con.o(i.gattc_cmp_evt_handler), (36 bytes).
    Removing m_al_con.o(i.gattc_read_req_ind_handler), (152 bytes).
    Removing m_al_con.o(i.gattc_write_req_ind_handler), (260 bytes).
    Removing m_al_con.o(i.m_al_con_adv_start_cont), (288 bytes).
    Removing m_al_con.o(i.m_al_con_cleanup), (112 bytes).
    Removing m_al_con.o(i.m_al_con_close), (60 bytes).
    Removing m_al_con.o(i.m_al_con_cmp_evt_handler), (64 bytes).
    Removing m_al_con.o(i.m_al_con_create), (24 bytes).
    Removing m_al_con.o(i.m_al_con_created_ind_handler), (24 bytes).
    Removing m_al_con.o(i.m_al_con_disconnect), (44 bytes).
    Removing m_al_con.o(i.m_al_con_init), (308 bytes).
    Removing m_al_con.o(i.m_al_con_pdu_send_cont), (216 bytes).
    Removing m_al_con.o(i.m_al_con_send), (180 bytes).
    Removing m_al_con.o(i.m_al_con_start), (220 bytes).
    Removing m_al_con.o(i.m_al_con_stop), (72 bytes).
    Removing m_al_con.o(i.m_al_con_stopped_ind_handler), (116 bytes).
    Removing m_al_con.o(i.m_al_con_type_init), (64 bytes).
    Removing m_al_con.o(i.m_al_handle_rx_pkt), (364 bytes).
    Removing m_al_con.o(i.mesh_con_timer_ind_handler), (28 bytes).
    Removing m_al_con.o(.constdata), (96 bytes).
    Removing m_al_con.o(.constdata), (16 bytes).
    Removing m_al_con.o(.data), (8 bytes).
    Removing m_al_scan.o(i.gapm_ext_adv_report_ind_handler), (64 bytes).
    Removing m_al_scan.o(i.m_al_scan_cmp_evt_handler), (30 bytes).
    Removing m_al_scan.o(i.m_al_scan_created_ind_handler), (24 bytes).
    Removing m_al_scan.o(i.m_al_scan_init), (48 bytes).
    Removing m_al_scan.o(i.m_al_scan_start), (112 bytes).
    Removing m_al_scan.o(i.m_al_scan_start_continue), (152 bytes).
    Removing m_al_scan.o(i.m_al_scan_stop), (52 bytes).
    Removing m_al_scan.o(i.m_al_scan_stop_continue), (88 bytes).
    Removing m_al_scan.o(i.m_al_scan_stopped_ind_handler), (6 bytes).
    Removing m_al_scan.o(i.mesh_check_baseband_status_handler), (40 bytes).
    Removing m_al_scan.o(.bss), (20 bytes).
    Removing m_al_task.o(i.gapm_cmp_evt_handler), (38 bytes).
    Removing m_al_task.o(i.ke_msg_default_handler), (92 bytes).
    Removing m_al_task.o(i.m_al_cleanup), (14 bytes).
    Removing m_al_task.o(i.m_al_create), (30 bytes).
    Removing m_al_task.o(i.m_al_destroy), (84 bytes).
    Removing m_al_task.o(i.m_al_free), (4 bytes).
    Removing m_al_task.o(i.m_al_init), (204 bytes).
    Removing m_al_task.o(i.m_al_int_message_handler), (38 bytes).
    Removing m_al_task.o(i.m_al_local_id_get), (18 bytes).
    Removing m_al_task.o(i.m_al_malloc), (6 bytes).
    Removing m_al_task.o(i.m_al_msg_alloc), (32 bytes).
    Removing m_al_task.o(i.m_al_msg_free), (6 bytes).
    Removing m_al_task.o(i.m_al_msg_send), (28 bytes).
    Removing m_al_task.o(i.m_al_msg_src_id_get), (6 bytes).
    Removing m_al_task.o(i.m_al_prf_itf_get), (8 bytes).
    Removing m_al_task.o(i.m_al_set_local_addr), (16 bytes).
    Removing m_al_task.o(.constdata), (104 bytes).
    Removing m_tb_mio.o(i.m_tb_mio_add_subscription), (112 bytes).
    Removing m_tb_mio.o(i.m_tb_mio_add_subscription_virt), (140 bytes).
    Removing m_tb_mio.o(i.m_tb_mio_add_virt_addr), (132 bytes).
    Removing m_tb_mio.o(i.m_tb_mio_addr_list_add), (100 bytes).
    Removing m_tb_mio.o(i.m_tb_mio_addr_list_get), (56 bytes).
    Removing m_tb_mio.o(i.m_tb_mio_addr_list_get_size), (32 bytes).
    Removing m_tb_mio.o(i.m_tb_mio_addr_list_rem), (112 bytes).
    Removing m_tb_mio.o(i.m_tb_mio_addr_list_start), (184 bytes).
    Removing m_tb_mio.o(i.m_tb_mio_addr_list_stop), (32 bytes).
    Removing m_tb_mio.o(i.m_tb_mio_app_key_rem_ind), (72 bytes).
    Removing m_tb_mio.o(i.m_tb_mio_bind), (32 bytes).
    Removing m_tb_mio.o(i.m_tb_mio_cb_get), (36 bytes).
    Removing m_tb_mio.o(i.m_tb_mio_convert_period), (52 bytes).
    Removing m_tb_mio.o(i.m_tb_mio_delete_all_subscription), (76 bytes).
    Removing m_tb_mio.o(i.m_tb_mio_delete_subscription), (76 bytes).
    Removing m_tb_mio.o(i.m_tb_mio_delete_subscription_virt), (140 bytes).
    Removing m_tb_mio.o(i.m_tb_mio_find_label_uuid), (68 bytes).
    Removing m_tb_mio.o(i.m_tb_mio_get_element_addr), (44 bytes).
    Removing m_tb_mio.o(i.m_tb_mio_get_env_size), (6 bytes).
    Removing m_tb_mio.o(i.m_tb_mio_get_label_uuid), (84 bytes).
    Removing m_tb_mio.o(i.m_tb_mio_get_local_id), (104 bytes).
    Removing m_tb_mio.o(i.m_tb_mio_get_model_id), (24 bytes).
    Removing m_tb_mio.o(i.m_tb_mio_get_model_ids), (88 bytes).
    Removing m_tb_mio.o(i.m_tb_mio_get_nb_bound_app), (16 bytes).
    Removing m_tb_mio.o(i.m_tb_mio_get_nb_elements), (16 bytes).
    Removing m_tb_mio.o(i.m_tb_mio_get_nb_model), (16 bytes).
    Removing m_tb_mio.o(i.m_tb_mio_get_nb_models), (64 bytes).
    Removing m_tb_mio.o(i.m_tb_mio_get_period), (20 bytes).
    Removing m_tb_mio.o(i.m_tb_mio_get_prim_addr), (16 bytes).
    Removing m_tb_mio.o(i.m_tb_mio_get_publi_param), (88 bytes).
    Removing m_tb_mio.o(i.m_tb_mio_get_subscription_list), (116 bytes).
    Removing m_tb_mio.o(i.m_tb_mio_get_subscription_list_size), (24 bytes).
    Removing m_tb_mio.o(i.m_tb_mio_get_subscription_list_size_vaddr), (16 bytes).
    Removing m_tb_mio.o(i.m_tb_mio_get_vaddr), (24 bytes).
    Removing m_tb_mio.o(i.m_tb_mio_init), (56 bytes).
    Removing m_tb_mio.o(i.m_tb_mio_is_dest_addr), (88 bytes).
    Removing m_tb_mio.o(i.m_tb_mio_is_local_addr), (36 bytes).
    Removing m_tb_mio.o(i.m_tb_mio_register_model), (144 bytes).
    Removing m_tb_mio.o(i.m_tb_mio_rem_virt_addr), (60 bytes).
    Removing m_tb_mio.o(i.m_tb_mio_set_prim_addr), (20 bytes).
    Removing m_tb_mio.o(i.m_tb_mio_set_publi_param), (212 bytes).
    Removing m_tb_mio.o(i.m_tb_mio_subs_find_addr), (42 bytes).
    Removing m_tb_mio.o(i.m_tb_mio_subs_find_va_lid), (44 bytes).
    Removing m_tb_mio.o(i.m_tb_mio_unbind), (72 bytes).
    Removing m_tb_mio.o(.data), (4 bytes).
    Removing m_al_activity.o(i.gapm_activity_created_ind_handler), (68 bytes).
    Removing m_al_activity.o(i.gapm_activity_stopped_ind_handler), (76 bytes).
    Removing m_al_activity.o(i.m_al_activity_cmd_exec), (56 bytes).
    Removing m_al_activity.o(i.m_al_activity_cmd_send), (32 bytes).
    Removing m_al_activity.o(i.m_al_activity_cmp_evt_handler), (60 bytes).
    Removing m_al_activity.o(i.m_al_activity_init), (44 bytes).
    Removing m_al_djob.o(i.m_al_djob_evt_handler), (56 bytes).
    Removing m_al_djob.o(i.m_al_djob_init), (40 bytes).
    Removing m_al_djob.o(i.m_al_djob_reg), (52 bytes).
    Removing m_al_sec.o(i.gapm_gen_dh_key_ind_handler), (28 bytes).
    Removing m_al_sec.o(i.gapm_pub_key_ind_handler), (32 bytes).
    Removing m_al_sec.o(i.gapm_use_enc_block_ind_handler), (12 bytes).
    Removing m_al_sec.o(i.m_al_sec_aes), (20 bytes).
    Removing m_al_sec.o(i.m_al_sec_aes_ccm), (40 bytes).
    Removing m_al_sec.o(i.m_al_sec_aes_cmac), (16 bytes).
    Removing m_al_sec.o(i.m_al_sec_aes_k1), (24 bytes).
    Removing m_al_sec.o(i.m_al_sec_aes_k2), (16 bytes).
    Removing m_al_sec.o(i.m_al_sec_aes_k3), (12 bytes).
    Removing m_al_sec.o(i.m_al_sec_aes_k4), (12 bytes).
    Removing m_al_sec.o(i.m_al_sec_aes_req), (68 bytes).
    Removing m_al_sec.o(i.m_al_sec_aes_result_cb), (4 bytes).
    Removing m_al_sec.o(i.m_al_sec_aes_s1), (12 bytes).
    Removing m_al_sec.o(i.m_al_sec_ccm_result_cb), (2 bytes).
    Removing m_al_sec.o(i.m_al_sec_cmp_evt_handler), (2 bytes).
    Removing m_al_sec.o(i.m_al_sec_ecdh_secret), (92 bytes).
    Removing m_al_sec.o(i.m_al_sec_init), (24 bytes).
    Removing m_al_sec.o(i.m_al_sec_pub_key_read), (60 bytes).
    Removing m_al_sec.o(i.m_al_sec_rand), (12 bytes).
    Removing m_al_timer.o(i.m_al_timer_clear), (20 bytes).
    Removing m_al_timer.o(i.m_al_timer_get_clock), (28 bytes).
    Removing m_al_timer.o(i.m_al_timer_get_delay), (92 bytes).
    Removing m_al_timer.o(i.m_al_timer_get_time_ms), (60 bytes).
    Removing m_al_timer.o(i.m_al_timer_init), (28 bytes).
    Removing m_al_timer.o(i.m_al_timer_set), (24 bytes).
    Removing m_al_timer.o(i.m_al_timer_set_clock), (16 bytes).
    Removing m_al_timer.o(i.m_al_timer_update_clock), (52 bytes).
    Removing m_al_timer.o(i.mesh_timer_ind_handler), (4 bytes).
    Removing m_api.o(i.m_api_bearer_operation_close_cb), (68 bytes).
    Removing m_api.o(i.m_api_bearer_operation_open_cb), (116 bytes).
    Removing m_api.o(i.m_api_buf_alloc), (10 bytes).
    Removing m_api.o(i.m_api_buf_alloc_block), (4 bytes).
    Removing m_api.o(i.m_api_buf_data_get), (14 bytes).
    Removing m_api.o(i.m_api_buf_data_len_get), (10 bytes).
    Removing m_api.o(i.m_api_buf_free_block), (28 bytes).
    Removing m_api.o(i.m_api_buf_release), (4 bytes).
    Removing m_api.o(i.m_api_compo_data_cfm), (4 bytes).
    Removing m_api.o(i.m_api_disable), (40 bytes).
    Removing m_api.o(i.m_api_enable), (44 bytes).
    Removing m_api.o(i.m_api_get_env_size), (88 bytes).
    Removing m_api.o(i.m_api_get_run_time), (4 bytes).
    Removing m_api.o(i.m_api_health_cfm), (12 bytes).
    Removing m_api.o(i.m_api_health_status_send), (4 bytes).
    Removing m_api.o(i.m_api_init), (152 bytes).
    Removing m_api.o(i.m_api_iv_upd_test_mode), (4 bytes).
    Removing m_api.o(i.m_api_load_stored_info), (36 bytes).
    Removing m_api.o(i.m_api_lpn_select_friend), (4 bytes).
    Removing m_api.o(i.m_api_lpn_start), (16 bytes).
    Removing m_api.o(i.m_api_lpn_stop), (4 bytes).
    Removing m_api.o(i.m_api_message_handler), (26 bytes).
    Removing m_api.o(i.m_api_model_opcode_status), (4 bytes).
    Removing m_api.o(i.m_api_model_publish), (12 bytes).
    Removing m_api.o(i.m_api_model_rsp_send), (26 bytes).
    Removing m_api.o(i.m_api_prov_oob_auth_rsp), (4 bytes).
    Removing m_api.o(i.m_api_prov_param_rsp), (4 bytes).
    Removing m_api.o(i.m_api_prov_pub_key_read), (4 bytes).
    Removing m_api.o(i.m_api_prov_stop_link_timeout), (4 bytes).
    Removing m_api.o(i.m_api_proxy_ctrl), (6 bytes).
    Removing m_api.o(i.m_api_proxy_end_ind), (24 bytes).
    Removing m_api.o(i.m_api_register_model), (44 bytes).
    Removing m_api.o(i.m_api_send_attention_update_ind), (28 bytes).
    Removing m_api.o(i.m_api_send_compo_data_req_ind), (28 bytes).
    Removing m_api.o(i.m_api_send_fault_clear_ind), (28 bytes).
    Removing m_api.o(i.m_api_send_fault_get_req_ind), (28 bytes).
    Removing m_api.o(i.m_api_send_fault_period_ind), (32 bytes).
    Removing m_api.o(i.m_api_send_fault_test_req_ind), (36 bytes).
    Removing m_api.o(i.m_api_send_lpn_offer_ind), (50 bytes).
    Removing m_api.o(i.m_api_send_lpn_status_ind), (32 bytes).
    Removing m_api.o(i.m_api_send_node_reset_ind), (24 bytes).
    Removing m_api.o(i.m_api_send_update_ind), (50 bytes).
    Removing m_api.o(i.m_api_set), (36 bytes).
    Removing m_api.o(i.m_api_set_run_time), (30 bytes).
    Removing m_api.o(i.m_api_stored_info_load_cb), (12 bytes).
    Removing m_api.o(.data), (4 bytes).
    Removing m_tb_store_wvt.o(i.m_tb_check_stored_info), (136 bytes).
    Removing m_tb_store_wvt.o(i.m_tb_store_cb_appkey_added), (96 bytes).
    Removing m_tb_store_wvt.o(i.m_tb_store_cb_netkey_added), (80 bytes).
    Removing m_tb_store_wvt.o(i.m_tb_store_get_compo_data), (20 bytes).
    Removing m_tb_store_wvt.o(i.m_tb_store_get_env_size), (4 bytes).
    Removing m_tb_store_wvt.o(i.m_tb_store_init), (24 bytes).
    Removing m_tb_store_wvt.o(i.m_tb_store_load), (116 bytes).
    Removing m_tb_store_wvt.o(i.m_tb_store_load_binding), (140 bytes).
    Removing m_tb_store_wvt.o(i.m_tb_store_load_fsm), (220 bytes).
    Removing m_tb_store_wvt.o(i.m_tb_store_load_publi_param), (124 bytes).
    Removing m_tb_store_wvt.o(i.m_tb_store_load_states), (168 bytes).
    Removing m_tb_store_wvt.o(i.m_tb_store_load_subs_list), (140 bytes).
    Removing m_tb_store_wvt.o(i.m_tb_store_rx_compo_data), (28 bytes).
    Removing m_tb_store_wvt.o(i.m_tb_store_update_app_key_ind), (138 bytes).
    Removing m_tb_store_wvt.o(i.m_tb_store_update_binding_ind), (94 bytes).
    Removing m_tb_store_wvt.o(i.m_tb_store_update_ind), (68 bytes).
    Removing m_tb_store_wvt.o(i.m_tb_store_update_net_key_ind), (136 bytes).
    Removing m_tb_store_wvt.o(i.m_tb_store_update_publi_param_ind), (152 bytes).
    Removing m_tb_store_wvt.o(i.m_tb_store_update_state_ind), (192 bytes).
    Removing m_tb_store_wvt.o(i.m_tb_store_update_subs_list_ind), (100 bytes).
    Removing m_tb_store_wvt.o(.data), (4 bytes).
    Removing m_api_msg.o(i.m_api_basic_cmp_evt_send), (34 bytes).
    Removing m_api_msg.o(i.m_api_model_rsp_send_cmd_handler), (106 bytes).
    Removing m_api_msg.o(i.m_api_msg_buf_block_freed_cb), (36 bytes).
    Removing m_api_msg.o(i.m_api_msg_disabled_cb), (10 bytes).
    Removing m_api_msg.o(i.m_api_msg_enabled_cb), (10 bytes).
    Removing m_api_msg.o(i.m_api_msg_exec_cmd), (680 bytes).
    Removing m_api_msg.o(i.m_api_msg_handler), (134 bytes).
    Removing m_api_msg.o(i.m_api_msg_init), (12 bytes).
    Removing m_api_msg.o(i.m_api_msg_loaded_cb), (10 bytes).
    Removing m_api_msg.o(i.m_api_msg_model_opcode_check_cb), (32 bytes).
    Removing m_api_msg.o(i.m_api_msg_model_publish_period_cb), (32 bytes).
    Removing m_api_msg.o(i.m_api_msg_model_rx_cb), (100 bytes).
    Removing m_api_msg.o(i.m_api_msg_model_sent_cb), (46 bytes).
    Removing m_api_msg.o(i.m_api_msg_prov_oob_auth_req_cb), (36 bytes).
    Removing m_api_msg.o(i.m_api_msg_prov_param_req_cb), (24 bytes).
    Removing m_api_msg.o(i.m_api_msg_prov_state_cb), (32 bytes).
    Removing m_api_msg.o(.constdata), (44 bytes).
    Removing m_bcn.o(i.m_bcn_adv_tx_check), (144 bytes).
    Removing m_bcn.o(i.m_bcn_buf_init), (26 bytes).
    Removing m_bcn.o(i.m_bcn_buf_rts_set), (14 bytes).
    Removing m_bcn.o(i.m_bcn_cb_closed), (44 bytes).
    Removing m_bcn.o(i.m_bcn_cb_opened), (104 bytes).
    Removing m_bcn.o(i.m_bcn_cb_rx), (144 bytes).
    Removing m_bcn.o(i.m_bcn_cb_sent), (52 bytes).
    Removing m_bcn.o(i.m_bcn_cb_timer_bcn_expired), (128 bytes).
    Removing m_bcn.o(i.m_bcn_cb_timer_obs_expired), (60 bytes).
    Removing m_bcn.o(i.m_bcn_cmac_finished_cb), (264 bytes).
    Removing m_bcn.o(i.m_bcn_cmac_ready_cb), (96 bytes).
    Removing m_bcn.o(i.m_bcn_connect_api), (12 bytes).
    Removing m_bcn.o(i.m_bcn_get_env_size), (16 bytes).
    Removing m_bcn.o(i.m_bcn_init), (152 bytes).
    Removing m_bcn.o(i.m_bcn_insert_encrypt_queue), (52 bytes).
    Removing m_bcn.o(i.m_bcn_prep_secure_bcn), (108 bytes).
    Removing m_bcn.o(i.m_bcn_proxy_con_start), (52 bytes).
    Removing m_bcn.o(i.m_bcn_proxy_tx_check), (232 bytes).
    Removing m_bcn.o(i.m_bcn_restart_tx_unprov_bcn), (56 bytes).
    Removing m_bcn.o(i.m_bcn_send), (100 bytes).
    Removing m_bcn.o(i.m_bcn_start_tx_unprov_bcn), (144 bytes).
    Removing m_bcn.o(i.m_bcn_state_update), (140 bytes).
    Removing m_bcn.o(i.m_bcn_stop_tx_security_bcn), (52 bytes).
    Removing m_bcn.o(i.m_bcn_stop_tx_unprov_bcn), (48 bytes).
    Removing m_bcn.o(i.m_bcn_subnet_update_ind), (44 bytes).
    Removing m_bcn.o(.constdata), (16 bytes).
    Removing m_bcn.o(.data), (4 bytes).
    Removing m_bearer.o(i.m_bearer_closed), (112 bytes).
    Removing m_bearer.o(i.m_bearer_connect_client_cb), (16 bytes).
    Removing m_bearer.o(i.m_bearer_get_env_size), (4 bytes).
    Removing m_bearer.o(i.m_bearer_init), (108 bytes).
    Removing m_bearer.o(i.m_bearer_opened), (56 bytes).
    Removing m_bearer.o(i.m_bearer_rx), (124 bytes).
    Removing m_bearer.o(i.m_bearer_send), (128 bytes).
    Removing m_bearer.o(i.m_bearer_send_continue), (132 bytes).
    Removing m_bearer.o(i.m_bearer_sent), (116 bytes).
    Removing m_bearer.o(i.m_bearer_start), (60 bytes).
    Removing m_bearer.o(i.m_bearer_started), (24 bytes).
    Removing m_bearer.o(i.m_bearer_stop), (60 bytes).
    Removing m_bearer.o(i.m_bearer_stopped), (24 bytes).
    Removing m_bearer.o(i.m_bearer_update), (68 bytes).
    Removing m_bearer.o(.constdata), (8 bytes).
    Removing m_bearer.o(.data), (4 bytes).
    Removing m_fnd.o(i.m_fnd_get_env_size), (32 bytes).
    Removing m_fnd.o(i.m_fnd_init), (48 bytes).
    Removing m_fnd_hlths.o(i.m_fnd_hlths_buf_alloc), (10 bytes).
    Removing m_fnd_hlths.o(i.m_fnd_hlths_cb_opcode_check), (38 bytes).
    Removing m_fnd_hlths.o(i.m_fnd_hlths_cb_publish_period), (20 bytes).
    Removing m_fnd_hlths.o(i.m_fnd_hlths_cb_rx), (60 bytes).
    Removing m_fnd_hlths.o(i.m_fnd_hlths_cb_sent), (6 bytes).
    Removing m_fnd_hlths.o(i.m_fnd_hlths_cfm), (32 bytes).
    Removing m_fnd_hlths.o(i.m_fnd_hlths_get_env_size), (4 bytes).
    Removing m_fnd_hlths.o(i.m_fnd_hlths_handler_period), (104 bytes).
    Removing m_fnd_hlths.o(i.m_fnd_hlths_init), (48 bytes).
    Removing m_fnd_hlths.o(i.m_fnd_hlths_process), (196 bytes).
    Removing m_fnd_hlths.o(i.m_fnd_hlths_process_next), (36 bytes).
    Removing m_fnd_hlths.o(i.m_fnd_hlths_send), (40 bytes).
    Removing m_fnd_hlths.o(i.m_fnd_hlths_send_attention_status), (42 bytes).
    Removing m_fnd_hlths.o(i.m_fnd_hlths_send_status), (108 bytes).
    Removing m_fnd_hlths.o(i.m_fnd_hlths_status_ind), (14 bytes).
    Removing m_fnd_hlths.o(.constdata), (16 bytes).
    Removing m_fnd_hlths.o(.data), (4 bytes).
    Removing m_lay.o(i.m_lay_get_env_size), (110 bytes).
    Removing m_lay.o(i.m_lay_init), (396 bytes).
    Removing m_lay_access.o(i.m_lay_access_connect_api_utrans), (12 bytes).
    Removing m_lay_access.o(i.m_lay_access_get_env_size), (4 bytes).
    Removing m_lay_access.o(i.m_lay_access_init), (92 bytes).
    Removing m_lay_access.o(i.m_lay_access_model_check), (144 bytes).
    Removing m_lay_access.o(i.m_lay_access_opcode_set), (86 bytes).
    Removing m_lay_access.o(i.m_lay_access_opcode_status), (116 bytes).
    Removing m_lay_access.o(i.m_lay_access_publish), (260 bytes).
    Removing m_lay_access.o(i.m_lay_access_retx_timer_cb), (144 bytes).
    Removing m_lay_access.o(i.m_lay_access_rsp_send), (192 bytes).
    Removing m_lay_access.o(i.m_lay_access_rx), (132 bytes).
    Removing m_lay_access.o(i.m_lay_access_sent), (148 bytes).
    Removing m_lay_access.o(.constdata), (8 bytes).
    Removing m_lay_access.o(.data), (4 bytes).
    Removing m_lay_lpn.o(i.m_lay_lpn_cb_key), (60 bytes).
    Removing m_lay_lpn.o(i.m_lay_lpn_cb_subs_list_add), (36 bytes).
    Removing m_lay_lpn.o(i.m_lay_lpn_cb_subs_list_rem), (36 bytes).
    Removing m_lay_lpn.o(i.m_lay_lpn_cb_timer), (188 bytes).
    Removing m_lay_lpn.o(i.m_lay_lpn_cb_timer_offer), (64 bytes).
    Removing m_lay_lpn.o(i.m_lay_lpn_check_tx_list), (68 bytes).
    Removing m_lay_lpn.o(i.m_lay_lpn_clean_env), (48 bytes).
    Removing m_lay_lpn.o(i.m_lay_lpn_clean_list_offer), (44 bytes).
    Removing m_lay_lpn.o(i.m_lay_lpn_connect_api_utrans), (12 bytes).
    Removing m_lay_lpn.o(i.m_lay_lpn_get_env_size), (4 bytes).
    Removing m_lay_lpn.o(i.m_lay_lpn_handler_offer), (152 bytes).
    Removing m_lay_lpn.o(i.m_lay_lpn_handler_subs_list_cfm), (2 bytes).
    Removing m_lay_lpn.o(i.m_lay_lpn_handler_update), (192 bytes).
    Removing m_lay_lpn.o(i.m_lay_lpn_init), (32 bytes).
    Removing m_lay_lpn.o(i.m_lay_lpn_net_rx_cb), (68 bytes).
    Removing m_lay_lpn.o(i.m_lay_lpn_pack), (244 bytes).
    Removing m_lay_lpn.o(i.m_lay_lpn_rx_ctl), (152 bytes).
    Removing m_lay_lpn.o(i.m_lay_lpn_seek_offer), (32 bytes).
    Removing m_lay_lpn.o(i.m_lay_lpn_select_friend), (116 bytes).
    Removing m_lay_lpn.o(i.m_lay_lpn_send_poll), (56 bytes).
    Removing m_lay_lpn.o(i.m_lay_lpn_send_req), (140 bytes).
    Removing m_lay_lpn.o(i.m_lay_lpn_send_subs_list), (136 bytes).
    Removing m_lay_lpn.o(i.m_lay_lpn_sent), (4 bytes).
    Removing m_lay_lpn.o(i.m_lay_lpn_start), (180 bytes).
    Removing m_lay_lpn.o(i.m_lay_lpn_stop), (124 bytes).
    Removing m_lay_lpn.o(.constdata), (8 bytes).
    Removing m_lay_lpn.o(.constdata), (16 bytes).
    Removing m_lay_lpn.o(.data), (4 bytes).
    Removing m_lay_proxy.o(i.m_lay_proxy_addr_in_filt_list), (72 bytes).
    Removing m_lay_proxy.o(i.m_lay_proxy_adv_data_set), (112 bytes).
    Removing m_lay_proxy.o(i.m_lay_proxy_aes_finished), (56 bytes).
    Removing m_lay_proxy.o(i.m_lay_proxy_aes_ready), (52 bytes).
    Removing m_lay_proxy.o(i.m_lay_proxy_bearer_adv_ctrl), (252 bytes).
    Removing m_lay_proxy.o(i.m_lay_proxy_bearer_adv_timer_handler), (8 bytes).
    Removing m_lay_proxy.o(i.m_lay_proxy_bearer_adv_update_timer_handler), (4 bytes).
    Removing m_lay_proxy.o(i.m_lay_proxy_bearer_closed_cb), (100 bytes).
    Removing m_lay_proxy.o(i.m_lay_proxy_bearer_connect_api), (16 bytes).
    Removing m_lay_proxy.o(i.m_lay_proxy_bearer_init), (96 bytes).
    Removing m_lay_proxy.o(i.m_lay_proxy_bearer_opened_cb), (108 bytes).
    Removing m_lay_proxy.o(i.m_lay_proxy_bearer_start), (208 bytes).
    Removing m_lay_proxy.o(i.m_lay_proxy_bearer_started), (80 bytes).
    Removing m_lay_proxy.o(i.m_lay_proxy_bearer_stopped), (4 bytes).
    Removing m_lay_proxy.o(i.m_lay_proxy_check_relay), (116 bytes).
    Removing m_lay_proxy.o(i.m_lay_proxy_connect_api_net), (16 bytes).
    Removing m_lay_proxy.o(i.m_lay_proxy_filt_addr_add), (96 bytes).
    Removing m_lay_proxy.o(i.m_lay_proxy_filt_addr_rem), (60 bytes).
    Removing m_lay_proxy.o(i.m_lay_proxy_filt_status_send), (136 bytes).
    Removing m_lay_proxy.o(i.m_lay_proxy_get_env_size), (14 bytes).
    Removing m_lay_proxy.o(i.m_lay_proxy_init), (60 bytes).
    Removing m_lay_proxy.o(i.m_lay_proxy_prot_rx), (200 bytes).
    Removing m_lay_proxy.o(i.m_lay_proxy_rand_finished), (92 bytes).
    Removing m_lay_proxy.o(i.m_lay_proxy_rx), (264 bytes).
    Removing m_lay_proxy.o(i.m_lay_proxy_sent), (32 bytes).
    Removing m_lay_proxy.o(i.m_lay_proxy_state_set), (108 bytes).
    Removing m_lay_proxy.o(.constdata), (16 bytes).
    Removing m_lay_proxy.o(.data), (4 bytes).
    Removing m_prov.o(i.m_prov_ccm_finished_cb), (148 bytes).
    Removing m_prov.o(i.m_prov_ccm_ready_cb), (88 bytes).
    Removing m_prov.o(i.m_prov_cfm_salt_finished_cb), (152 bytes).
    Removing m_prov.o(i.m_prov_cmac_finished_cb), (140 bytes).
    Removing m_prov.o(i.m_prov_cmac_ready_cb), (56 bytes).
    Removing m_prov.o(i.m_prov_ecdh_secret_res_cb), (104 bytes).
    Removing m_prov.o(i.m_prov_error_handle), (148 bytes).
    Removing m_prov.o(i.m_prov_get_env_size), (4 bytes).
    Removing m_prov.o(i.m_prov_init), (72 bytes).
    Removing m_prov.o(i.m_prov_k1_finished_cb), (216 bytes).
    Removing m_prov.o(i.m_prov_k1_ready_cb), (152 bytes).
    Removing m_prov.o(i.m_prov_link_closed), (240 bytes).
    Removing m_prov.o(i.m_prov_link_open), (84 bytes).
    Removing m_prov.o(i.m_prov_link_timeout_cb), (88 bytes).
    Removing m_prov.o(i.m_prov_net_key_added_cb), (64 bytes).
    Removing m_prov.o(i.m_prov_oob_auth_rsp), (228 bytes).
    Removing m_prov.o(i.m_prov_param_req), (12 bytes).
    Removing m_prov.o(i.m_prov_param_rsp), (52 bytes).
    Removing m_prov.o(i.m_prov_pdu_capabilities_handler), (6 bytes).
    Removing m_prov.o(i.m_prov_pdu_cfm_handler), (80 bytes).
    Removing m_prov.o(i.m_prov_pdu_cmp_handler), (6 bytes).
    Removing m_prov.o(i.m_prov_pdu_data_handler), (68 bytes).
    Removing m_prov.o(i.m_prov_pdu_failed_handler), (44 bytes).
    Removing m_prov.o(i.m_prov_pdu_handle), (108 bytes).
    Removing m_prov.o(i.m_prov_pdu_input_cmp_handler), (6 bytes).
    Removing m_prov.o(i.m_prov_pdu_invite_handler), (164 bytes).
    Removing m_prov.o(i.m_prov_pdu_pub_key_handler), (160 bytes).
    Removing m_prov.o(i.m_prov_pdu_random_handler), (80 bytes).
    Removing m_prov.o(i.m_prov_pdu_rx), (48 bytes).
    Removing m_prov.o(i.m_prov_pdu_send), (216 bytes).
    Removing m_prov.o(i.m_prov_pdu_sent), (72 bytes).
    Removing m_prov.o(i.m_prov_pdu_start_handler), (208 bytes).
    Removing m_prov.o(i.m_prov_psalt_finished_cb), (84 bytes).
    Removing m_prov.o(i.m_prov_pub_key_get), (52 bytes).
    Removing m_prov.o(i.m_prov_pub_key_res_cb), (120 bytes).
    Removing m_prov.o(i.m_prov_rand_finished_cb), (96 bytes).
    Removing m_prov.o(i.m_prov_s1_ready_cb), (60 bytes).
    Removing m_prov.o(i.m_prov_start), (100 bytes).
    Removing m_prov.o(i.m_prov_state_send), (40 bytes).
    Removing m_prov.o(i.m_prov_stop_link_timeout), (16 bytes).
    Removing m_prov.o(i.m_prov_trans_restart_cb), (32 bytes).
    Removing m_prov.o(i.m_prov_trans_timeout_cb), (68 bytes).
    Removing m_prov.o(.bss), (66 bytes).
    Removing m_prov.o(.constdata), (136 bytes).
    Removing m_prov.o(.conststring), (50 bytes).
    Removing m_prov.o(.data), (4 bytes).
    Removing m_prov_bearer.o(i.m_prov_bearer_close), (36 bytes).
    Removing m_prov_bearer.o(i.m_prov_bearer_closed_cb), (40 bytes).
    Removing m_prov_bearer.o(i.m_prov_bearer_connect_api), (12 bytes).
    Removing m_prov_bearer.o(i.m_prov_bearer_gatt_send), (36 bytes).
    Removing m_prov_bearer.o(i.m_prov_bearer_gatt_start), (148 bytes).
    Removing m_prov_bearer.o(i.m_prov_bearer_gatt_started), (24 bytes).
    Removing m_prov_bearer.o(i.m_prov_bearer_gatt_stop), (36 bytes).
    Removing m_prov_bearer.o(i.m_prov_bearer_gatt_stopped), (2 bytes).
    Removing m_prov_bearer.o(i.m_prov_bearer_init), (28 bytes).
    Removing m_prov_bearer.o(i.m_prov_bearer_opened_cb), (32 bytes).
    Removing m_prov_bearer.o(i.m_prov_bearer_rx_cb), (84 bytes).
    Removing m_prov_bearer.o(i.m_prov_bearer_scan_start), (20 bytes).
    Removing m_prov_bearer.o(i.m_prov_bearer_scan_stop), (20 bytes).
    Removing m_prov_bearer.o(i.m_prov_bearer_send), (52 bytes).
    Removing m_prov_bearer.o(i.m_prov_bearer_sent_cb), (24 bytes).
    Removing m_prov_bearer.o(.constdata), (16 bytes).
    Removing m_tb.o(i.m_tb_get_env_size), (116 bytes).
    Removing m_tb.o(i.m_tb_init), (156 bytes).
    Removing m_tb_buf.o(i.m_tb_buf_acquire), (8 bytes).
    Removing m_tb_buf.o(i.m_tb_buf_alloc), (200 bytes).
    Removing m_tb_buf.o(i.m_tb_buf_block_alloc), (176 bytes).
    Removing m_tb_buf.o(i.m_tb_buf_block_free), (104 bytes).
    Removing m_tb_buf.o(i.m_tb_buf_copy), (66 bytes).
    Removing m_tb_buf.o(i.m_tb_buf_copy_data), (82 bytes).
    Removing m_tb_buf.o(i.m_tb_buf_copy_data_from_mem), (30 bytes).
    Removing m_tb_buf.o(i.m_tb_buf_copy_data_to_mem), (16 bytes).
    Removing m_tb_buf.o(i.m_tb_buf_get_env_size), (4 bytes).
    Removing m_tb_buf.o(i.m_tb_buf_head_release), (30 bytes).
    Removing m_tb_buf.o(i.m_tb_buf_head_reserve), (28 bytes).
    Removing m_tb_buf.o(i.m_tb_buf_init), (80 bytes).
    Removing m_tb_buf.o(i.m_tb_buf_release), (120 bytes).
    Removing m_tb_buf.o(i.m_tb_buf_reuse), (30 bytes).
    Removing m_tb_buf.o(i.m_tb_buf_tail_release), (30 bytes).
    Removing m_tb_buf.o(i.m_tb_buf_tail_reserve), (28 bytes).
    Removing m_tb_buf.o(.data), (4 bytes).
    Removing m_tb_key.o(i.m_tb_key_aid_tbl_add), (88 bytes).
    Removing m_tb_key.o(i.m_tb_key_aid_tbl_del), (124 bytes).
    Removing m_tb_key.o(i.m_tb_key_app_add), (192 bytes).
    Removing m_tb_key.o(i.m_tb_key_app_delete), (264 bytes).
    Removing m_tb_key.o(i.m_tb_key_app_find), (48 bytes).
    Removing m_tb_key.o(i.m_tb_key_app_get), (76 bytes).
    Removing m_tb_key.o(i.m_tb_key_app_get_ids), (124 bytes).
    Removing m_tb_key.o(i.m_tb_key_app_get_lids), (80 bytes).
    Removing m_tb_key.o(i.m_tb_key_app_lid_from_net_aid), (136 bytes).
    Removing m_tb_key.o(i.m_tb_key_app_update), (188 bytes).
    Removing m_tb_key.o(i.m_tb_key_check_iv), (144 bytes).
    Removing m_tb_key.o(i.m_tb_key_create_end), (40 bytes).
    Removing m_tb_key.o(i.m_tb_key_create_start), (32 bytes).
    Removing m_tb_key.o(i.m_tb_key_dev_add), (60 bytes).
    Removing m_tb_key.o(i.m_tb_key_dev_get), (28 bytes).
    Removing m_tb_key.o(i.m_tb_key_finished_cb), (580 bytes).
    Removing m_tb_key.o(i.m_tb_key_friend_end_ind), (136 bytes).
    Removing m_tb_key.o(i.m_tb_key_friend_finished_cb), (368 bytes).
    Removing m_tb_key.o(i.m_tb_key_friend_get_cred), (104 bytes).
    Removing m_tb_key.o(i.m_tb_key_friend_get_key), (32 bytes).
    Removing m_tb_key.o(i.m_tb_key_friend_get_nid), (28 bytes).
    Removing m_tb_key.o(i.m_tb_key_friend_k2_ready_cb), (132 bytes).
    Removing m_tb_key.o(i.m_tb_key_friend_net_lid_from_nid), (88 bytes).
    Removing m_tb_key.o(i.m_tb_key_friend_new_ind), (344 bytes).
    Removing m_tb_key.o(i.m_tb_key_friend_nid_tbl_add), (88 bytes).
    Removing m_tb_key.o(i.m_tb_key_friend_nid_tbl_del), (128 bytes).
    Removing m_tb_key.o(i.m_tb_key_friend_revoke_old), (144 bytes).
    Removing m_tb_key.o(i.m_tb_key_get_env_size), (6 bytes).
    Removing m_tb_key.o(i.m_tb_key_get_iv_rx), (28 bytes).
    Removing m_tb_key.o(i.m_tb_key_get_iv_seq), (52 bytes).
    Removing m_tb_key.o(i.m_tb_key_get_iv_seq_no_inc), (40 bytes).
    Removing m_tb_key.o(i.m_tb_key_get_model_appkey_ids), (152 bytes).
    Removing m_tb_key.o(i.m_tb_key_get_nb_app_keys), (20 bytes).
    Removing m_tb_key.o(i.m_tb_key_get_nb_net_keys), (16 bytes).
    Removing m_tb_key.o(i.m_tb_key_get_net_from_net_id), (96 bytes).
    Removing m_tb_key.o(i.m_tb_key_get_net_info), (88 bytes).
    Removing m_tb_key.o(i.m_tb_key_get_netkey_id), (20 bytes).
    Removing m_tb_key.o(i.m_tb_key_get_node_identity), (36 bytes).
    Removing m_tb_key.o(i.m_tb_key_get_phase), (20 bytes).
    Removing m_tb_key.o(i.m_tb_key_init), (120 bytes).
    Removing m_tb_key.o(i.m_tb_key_iv_upd_test_mode_ind), (72 bytes).
    Removing m_tb_key.o(i.m_tb_key_k1_ready_cb), (72 bytes).
    Removing m_tb_key.o(i.m_tb_key_k2_ready_cb), (40 bytes).
    Removing m_tb_key.o(i.m_tb_key_k3_ready_cb), (28 bytes).
    Removing m_tb_key.o(i.m_tb_key_k4_ready_cb), (28 bytes).
    Removing m_tb_key.o(i.m_tb_key_model_bind), (208 bytes).
    Removing m_tb_key.o(i.m_tb_key_model_bind_check), (68 bytes).
    Removing m_tb_key.o(i.m_tb_key_model_unbind), (172 bytes).
    Removing m_tb_key.o(i.m_tb_key_net_add), (204 bytes).
    Removing m_tb_key.o(i.m_tb_key_net_delete), (196 bytes).
    Removing m_tb_key.o(i.m_tb_key_net_find), (52 bytes).
    Removing m_tb_key.o(i.m_tb_key_net_get), (72 bytes).
    Removing m_tb_key.o(i.m_tb_key_net_get_ids), (84 bytes).
    Removing m_tb_key.o(i.m_tb_key_net_lid_from_nid), (80 bytes).
    Removing m_tb_key.o(i.m_tb_key_net_next), (76 bytes).
    Removing m_tb_key.o(i.m_tb_key_net_revoke_old), (280 bytes).
    Removing m_tb_key.o(i.m_tb_key_net_update), (156 bytes).
    Removing m_tb_key.o(i.m_tb_key_net_use_new), (76 bytes).
    Removing m_tb_key.o(i.m_tb_key_nid_tbl_add), (68 bytes).
    Removing m_tb_key.o(i.m_tb_key_nid_tbl_del), (100 bytes).
    Removing m_tb_key.o(i.m_tb_key_phase_transition_ind), (84 bytes).
    Removing m_tb_key.o(i.m_tb_key_secure_bcn_rx_ind), (100 bytes).
    Removing m_tb_key.o(i.m_tb_key_set_iv_seq), (16 bytes).
    Removing m_tb_key.o(i.m_tb_key_set_node_identity), (64 bytes).
    Removing m_tb_key.o(.constdata), (39 bytes).
    Removing m_tb_key.o(.data), (4 bytes).
    Removing m_tb_state.o(i.m_tb_state_cb_timer_attention), (40 bytes).
    Removing m_tb_state.o(i.m_tb_state_get_attention_state), (16 bytes).
    Removing m_tb_state.o(i.m_tb_state_get_beacon_state), (20 bytes).
    Removing m_tb_state.o(i.m_tb_state_get_compo_info), (48 bytes).
    Removing m_tb_state.o(i.m_tb_state_get_default_ttl), (16 bytes).
    Removing m_tb_state.o(i.m_tb_state_get_env_size), (4 bytes).
    Removing m_tb_state.o(i.m_tb_state_get_friend_state), (32 bytes).
    Removing m_tb_state.o(i.m_tb_state_get_gatt_proxy_state), (32 bytes).
    Removing m_tb_state.o(i.m_tb_state_get_hb_feat_upd), (20 bytes).
    Removing m_tb_state.o(i.m_tb_state_get_hb_pub_params), (12 bytes).
    Removing m_tb_state.o(i.m_tb_state_get_hb_subs_params), (12 bytes).
    Removing m_tb_state.o(i.m_tb_state_get_lpn_state), (20 bytes).
    Removing m_tb_state.o(i.m_tb_state_get_nb_cdata_page), (16 bytes).
    Removing m_tb_state.o(i.m_tb_state_get_net_tx_params), (32 bytes).
    Removing m_tb_state.o(i.m_tb_state_get_net_tx_state), (16 bytes).
    Removing m_tb_state.o(i.m_tb_state_get_prov_state), (20 bytes).
    Removing m_tb_state.o(i.m_tb_state_get_relay_state), (44 bytes).
    Removing m_tb_state.o(i.m_tb_state_hb_check_features), (44 bytes).
    Removing m_tb_state.o(i.m_tb_state_hb_rx_ind), (52 bytes).
    Removing m_tb_state.o(i.m_tb_state_hb_tx_ind), (32 bytes).
    Removing m_tb_state.o(i.m_tb_state_init), (148 bytes).
    Removing m_tb_state.o(i.m_tb_state_is_enabled), (20 bytes).
    Removing m_tb_state.o(i.m_tb_state_is_feature_sup), (24 bytes).
    Removing m_tb_state.o(i.m_tb_state_is_iv_update_auth), (64 bytes).
    Removing m_tb_state.o(i.m_tb_state_iv_update_ind), (24 bytes).
    Removing m_tb_state.o(i.m_tb_state_net_key_rem_ind), (40 bytes).
    Removing m_tb_state.o(i.m_tb_state_set_attention_state), (48 bytes).
    Removing m_tb_state.o(i.m_tb_state_set_beacon_state), (40 bytes).
    Removing m_tb_state.o(i.m_tb_state_set_default_ttl), (20 bytes).
    Removing m_tb_state.o(i.m_tb_state_set_enabled), (24 bytes).
    Removing m_tb_state.o(i.m_tb_state_set_friend_cb), (12 bytes).
    Removing m_tb_state.o(i.m_tb_state_set_friend_state), (72 bytes).
    Removing m_tb_state.o(i.m_tb_state_set_gatt_proxy_state), (80 bytes).
    Removing m_tb_state.o(i.m_tb_state_set_hb_cb), (12 bytes).
    Removing m_tb_state.o(i.m_tb_state_set_hb_pub_params), (140 bytes).
    Removing m_tb_state.o(i.m_tb_state_set_hb_subs_params), (168 bytes).
    Removing m_tb_state.o(i.m_tb_state_set_lpn_state), (24 bytes).
    Removing m_tb_state.o(i.m_tb_state_set_net_tx_state), (20 bytes).
    Removing m_tb_state.o(i.m_tb_state_set_prov_state), (20 bytes).
    Removing m_tb_state.o(i.m_tb_state_set_relay_state), (72 bytes).
    Removing m_tb_state.o(.data), (4 bytes).
    Removing m_tb_timer.o(i.m_tb_timer_clear), (4 bytes).
    Removing m_tb_timer.o(i.m_tb_timer_expired), (80 bytes).
    Removing m_tb_timer.o(i.m_tb_timer_get_cur_time), (4 bytes).
    Removing m_tb_timer.o(i.m_tb_timer_get_env_size), (4 bytes).
    Removing m_tb_timer.o(i.m_tb_timer_init), (28 bytes).
    Removing m_tb_timer.o(i.m_tb_timer_insert), (88 bytes).
    Removing m_tb_timer.o(i.m_tb_timer_prog), (44 bytes).
    Removing m_tb_timer.o(i.m_tb_timer_remove), (40 bytes).
    Removing m_tb_timer.o(i.m_tb_timer_set), (44 bytes).
    Removing m_tb_timer.o(.data), (4 bytes).
    Removing m_bearer_adv.o(i.m_bearer_adv_connect_api_al), (12 bytes).
    Removing m_bearer_adv.o(i.m_bearer_adv_rx), (88 bytes).
    Removing m_bearer_adv.o(i.m_bearer_adv_send), (152 bytes).
    Removing m_bearer_adv.o(i.m_bearer_adv_sent), (10 bytes).
    Removing m_bearer_adv.o(i.m_bearer_adv_start), (72 bytes).
    Removing m_bearer_adv.o(i.m_bearer_adv_started), (68 bytes).
    Removing m_bearer_adv.o(i.m_bearer_adv_stop), (6 bytes).
    Removing m_bearer_adv.o(i.m_bearer_adv_stopped), (56 bytes).
    Removing m_bearer_adv.o(i.m_bearer_adv_tx_prepare), (62 bytes).
    Removing m_bearer_adv.o(i.m_bearer_adv_update), (124 bytes).
    Removing m_bearer_adv.o(.constdata), (16 bytes).
    Removing m_bearer_gatt.o(i.m_bearer_gatt_closed), (48 bytes).
    Removing m_bearer_gatt.o(i.m_bearer_gatt_connect_api_al), (12 bytes).
    Removing m_bearer_gatt.o(i.m_bearer_gatt_created), (76 bytes).
    Removing m_bearer_gatt.o(i.m_bearer_gatt_rx), (76 bytes).
    Removing m_bearer_gatt.o(i.m_bearer_gatt_send), (72 bytes).
    Removing m_bearer_gatt.o(i.m_bearer_gatt_sent), (10 bytes).
    Removing m_bearer_gatt.o(i.m_bearer_gatt_start), (96 bytes).
    Removing m_bearer_gatt.o(i.m_bearer_gatt_started), (28 bytes).
    Removing m_bearer_gatt.o(i.m_bearer_gatt_stop), (48 bytes).
    Removing m_bearer_gatt.o(i.m_bearer_gatt_stopped), (24 bytes).
    Removing m_bearer_gatt.o(i.m_bearer_gatt_tx_prepare), (60 bytes).
    Removing m_bearer_gatt.o(i.m_bearer_gatt_update), (76 bytes).
    Removing m_bearer_gatt.o(.constdata), (24 bytes).
    Removing m_fnd_confs.o(i.m_fnd_confs_buf_alloc), (10 bytes).
    Removing m_fnd_confs.o(i.m_fnd_confs_cb_appkey_added), (36 bytes).
    Removing m_fnd_confs.o(i.m_fnd_confs_cb_compo_data), (34 bytes).
    Removing m_fnd_confs.o(i.m_fnd_confs_cb_netkey_added), (28 bytes).
    Removing m_fnd_confs.o(i.m_fnd_confs_cb_opcode_check), (60 bytes).
    Removing m_fnd_confs.o(i.m_fnd_confs_cb_rx), (68 bytes).
    Removing m_fnd_confs.o(i.m_fnd_confs_cb_sec_cmac_pub_finished), (180 bytes).
    Removing m_fnd_confs.o(i.m_fnd_confs_cb_sec_cmac_ready), (40 bytes).
    Removing m_fnd_confs.o(i.m_fnd_confs_cb_sec_cmac_subs_finished), (152 bytes).
    Removing m_fnd_confs.o(i.m_fnd_confs_cb_sent), (32 bytes).
    Removing m_fnd_confs.o(i.m_fnd_confs_get_air_status), (28 bytes).
    Removing m_fnd_confs.o(i.m_fnd_confs_get_env_size), (4 bytes).
    Removing m_fnd_confs.o(i.m_fnd_confs_get_ids_length), (26 bytes).
    Removing m_fnd_confs.o(i.m_fnd_confs_handler_appkey), (160 bytes).
    Removing m_fnd_confs.o(i.m_fnd_confs_handler_compo_data_get), (316 bytes).
    Removing m_fnd_confs.o(i.m_fnd_confs_handler_key_refresh_phase), (116 bytes).
    Removing m_fnd_confs.o(i.m_fnd_confs_handler_model_app), (154 bytes).
    Removing m_fnd_confs.o(i.m_fnd_confs_handler_model_pub_set), (156 bytes).
    Removing m_fnd_confs.o(i.m_fnd_confs_handler_model_subs), (168 bytes).
    Removing m_fnd_confs.o(i.m_fnd_confs_handler_model_subs_vaddr), (188 bytes).
    Removing m_fnd_confs.o(i.m_fnd_confs_handler_netkey), (220 bytes).
    Removing m_fnd_confs.o(i.m_fnd_confs_handler_node_id), (120 bytes).
    Removing m_fnd_confs.o(i.m_fnd_confs_init), (64 bytes).
    Removing m_fnd_confs.o(i.m_fnd_confs_process), (1186 bytes).
    Removing m_fnd_confs.o(i.m_fnd_confs_process_next), (40 bytes).
    Removing m_fnd_confs.o(i.m_fnd_confs_send), (44 bytes).
    Removing m_fnd_confs.o(i.m_fnd_confs_send_appkey_list), (96 bytes).
    Removing m_fnd_confs.o(i.m_fnd_confs_send_appkey_status), (58 bytes).
    Removing m_fnd_confs.o(i.m_fnd_confs_send_compo_data_status), (52 bytes).
    Removing m_fnd_confs.o(i.m_fnd_confs_send_hbeat_pub_status), (168 bytes).
    Removing m_fnd_confs.o(i.m_fnd_confs_send_hbeat_subs_status), (154 bytes).
    Removing m_fnd_confs.o(i.m_fnd_confs_send_lpn_polltimeout_status), (88 bytes).
    Removing m_fnd_confs.o(i.m_fnd_confs_send_model_app_list), (150 bytes).
    Removing m_fnd_confs.o(i.m_fnd_confs_send_model_app_status), (106 bytes).
    Removing m_fnd_confs.o(i.m_fnd_confs_send_model_pub_status), (232 bytes).
    Removing m_fnd_confs.o(i.m_fnd_confs_send_model_subs_list), (144 bytes).
    Removing m_fnd_confs.o(i.m_fnd_confs_send_model_subs_status), (104 bytes).
    Removing m_fnd_confs.o(i.m_fnd_confs_send_netkey_status), (54 bytes).
    Removing m_fnd_confs.o(.constdata), (32 bytes).
    Removing m_fnd_confs.o(.data), (4 bytes).
    Removing m_lay_friend.o(i.m_lay_friend_cb_key), (36 bytes).
    Removing m_lay_friend.o(i.m_lay_friend_cb_repeat_timer), (70 bytes).
    Removing m_lay_friend.o(i.m_lay_friend_cb_state_updated), (36 bytes).
    Removing m_lay_friend.o(i.m_lay_friend_cb_timer), (284 bytes).
    Removing m_lay_friend.o(i.m_lay_friend_check_queue_length), (114 bytes).
    Removing m_lay_friend.o(i.m_lay_friend_connect_api_net), (12 bytes).
    Removing m_lay_friend.o(i.m_lay_friend_connect_api_utrans), (12 bytes).
    Removing m_lay_friend.o(i.m_lay_friend_end_friendship), (84 bytes).
    Removing m_lay_friend.o(i.m_lay_friend_get_env_size), (4 bytes).
    Removing m_lay_friend.o(i.m_lay_friend_handler_clear), (80 bytes).
    Removing m_lay_friend.o(i.m_lay_friend_handler_clear_cfm), (56 bytes).
    Removing m_lay_friend.o(i.m_lay_friend_handler_poll), (164 bytes).
    Removing m_lay_friend.o(i.m_lay_friend_handler_request), (408 bytes).
    Removing m_lay_friend.o(i.m_lay_friend_handler_subs_list), (136 bytes).
    Removing m_lay_friend.o(i.m_lay_friend_init), (56 bytes).
    Removing m_lay_friend.o(i.m_lay_friend_rx_ltrans), (132 bytes).
    Removing m_lay_friend.o(i.m_lay_friend_rx_ltrans_seg), (152 bytes).
    Removing m_lay_friend.o(i.m_lay_friend_rx_ltrans_unseg), (272 bytes).
    Removing m_lay_friend.o(i.m_lay_friend_rx_seg_all), (248 bytes).
    Removing m_lay_friend.o(i.m_lay_friend_rx_utrans), (220 bytes).
    Removing m_lay_friend.o(i.m_lay_friend_seek_lpn), (56 bytes).
    Removing m_lay_friend.o(i.m_lay_friend_send), (260 bytes).
    Removing m_lay_friend.o(i.m_lay_friend_send_clear), (44 bytes).
    Removing m_lay_friend.o(i.m_lay_friend_send_update), (52 bytes).
    Removing m_lay_friend.o(i.m_lay_friend_sent_net), (2 bytes).
    Removing m_lay_friend.o(i.m_lay_friend_sent_utrans), (4 bytes).
    Removing m_lay_friend.o(.constdata), (8 bytes).
    Removing m_lay_friend.o(.constdata), (16 bytes).
    Removing m_lay_friend.o(.constdata), (4 bytes).
    Removing m_lay_friend.o(.constdata), (4 bytes).
    Removing m_lay_friend.o(.data), (4 bytes).
    Removing m_lay_hb.o(i.m_lay_hb_cb_rx), (74 bytes).
    Removing m_lay_hb.o(i.m_lay_hb_cb_sent), (4 bytes).
    Removing m_lay_hb.o(i.m_lay_hb_cb_state_updated), (88 bytes).
    Removing m_lay_hb.o(i.m_lay_hb_cb_timer_pub), (44 bytes).
    Removing m_lay_hb.o(i.m_lay_hb_cb_timer_subs), (40 bytes).
    Removing m_lay_hb.o(i.m_lay_hb_connect_api_utrans), (12 bytes).
    Removing m_lay_hb.o(i.m_lay_hb_get_env_size), (4 bytes).
    Removing m_lay_hb.o(i.m_lay_hb_init), (52 bytes).
    Removing m_lay_hb.o(i.m_lay_hb_send), (180 bytes).
    Removing m_lay_hb.o(.constdata), (8 bytes).
    Removing m_lay_hb.o(.constdata), (4 bytes).
    Removing m_lay_hb.o(.data), (4 bytes).
    Removing m_lay_ltrans.o(i.m_lay_ltrans_block_ack_send), (216 bytes).
    Removing m_lay_ltrans.o(i.m_lay_ltrans_connect_api_net), (12 bytes).
    Removing m_lay_ltrans.o(i.m_lay_ltrans_connect_cb), (12 bytes).
    Removing m_lay_ltrans.o(i.m_lay_ltrans_connect_cb_seg), (12 bytes).
    Removing m_lay_ltrans.o(i.m_lay_ltrans_filt_add), (64 bytes).
    Removing m_lay_ltrans.o(i.m_lay_ltrans_get_env_size), (6 bytes).
    Removing m_lay_ltrans.o(i.m_lay_ltrans_init), (192 bytes).
    Removing m_lay_ltrans.o(i.m_lay_ltrans_rx), (1118 bytes).
    Removing m_lay_ltrans.o(i.m_lay_ltrans_seg_finished), (76 bytes).
    Removing m_lay_ltrans.o(i.m_lay_ltrans_send), (272 bytes).
    Removing m_lay_ltrans.o(i.m_lay_ltrans_send_seg), (308 bytes).
    Removing m_lay_ltrans.o(i.m_lay_ltrans_sent), (60 bytes).
    Removing m_lay_ltrans.o(i.m_lay_ltrans_tx_handler), (300 bytes).
    Removing m_lay_ltrans.o(i.m_lay_trans_ack_timer), (36 bytes).
    Removing m_lay_ltrans.o(i.m_lay_trans_incomp_timer), (100 bytes).
    Removing m_lay_ltrans.o(i.m_lay_trans_seg_timer), (64 bytes).
    Removing m_lay_ltrans.o(.constdata), (4 bytes).
    Removing m_lay_ltrans.o(.constdata), (16 bytes).
    Removing m_lay_ltrans.o(.data), (4 bytes).
    Removing m_lay_net.o(i.m_lay_net_add_header), (134 bytes).
    Removing m_lay_net.o(i.m_lay_net_ccm_dec_finished_cb), (264 bytes).
    Removing m_lay_net.o(i.m_lay_net_ccm_dec_ready_cb), (296 bytes).
    Removing m_lay_net.o(i.m_lay_net_ccm_enc_finished_cb), (60 bytes).
    Removing m_lay_net.o(i.m_lay_net_ccm_enc_ready_cb), (332 bytes).
    Removing m_lay_net.o(i.m_lay_net_check_encrypt_queue), (60 bytes).
    Removing m_lay_net.o(i.m_lay_net_check_group_dst), (94 bytes).
    Removing m_lay_net.o(i.m_lay_net_check_relay), (100 bytes).
    Removing m_lay_net.o(i.m_lay_net_closed), (108 bytes).
    Removing m_lay_net.o(i.m_lay_net_connect_api_bearer), (12 bytes).
    Removing m_lay_net.o(i.m_lay_net_connect_cb), (24 bytes).
    Removing m_lay_net.o(i.m_lay_net_connect_cb_lpn_rx), (12 bytes).
    Removing m_lay_net.o(i.m_lay_net_decrypt_err), (116 bytes).
    Removing m_lay_net.o(i.m_lay_net_desobfusc_finished_cb), (232 bytes).
    Removing m_lay_net.o(i.m_lay_net_desobfusc_ready_cb), (184 bytes).
    Removing m_lay_net.o(i.m_lay_net_encrypt_err), (60 bytes).
    Removing m_lay_net.o(i.m_lay_net_get_env_size), (6 bytes).
    Removing m_lay_net.o(i.m_lay_net_get_sending_buf_in_queue), (24 bytes).
    Removing m_lay_net.o(i.m_lay_net_init), (44 bytes).
    Removing m_lay_net.o(i.m_lay_net_intf_type_to_idx), (28 bytes).
    Removing m_lay_net.o(i.m_lay_net_is_addr_valid), (36 bytes).
    Removing m_lay_net.o(i.m_lay_net_is_in_cache), (156 bytes).
    Removing m_lay_net.o(i.m_lay_net_is_in_pre_filt), (156 bytes).
    Removing m_lay_net.o(i.m_lay_net_obfusc_finished_cb), (196 bytes).
    Removing m_lay_net.o(i.m_lay_net_obfusc_ready_cb), (188 bytes).
    Removing m_lay_net.o(i.m_lay_net_opened), (52 bytes).
    Removing m_lay_net.o(i.m_lay_net_rx), (164 bytes).
    Removing m_lay_net.o(i.m_lay_net_send), (292 bytes).
    Removing m_lay_net.o(i.m_lay_net_sent), (176 bytes).
    Removing m_lay_net.o(.bss), (80 bytes).
    Removing m_lay_net.o(.constdata), (4 bytes).
    Removing m_lay_net.o(.constdata), (16 bytes).
    Removing m_lay_net.o(.data), (8 bytes).
    Removing m_lay_net.o(.data), (1 bytes).
    Removing m_lay_utrans.o(i.m_lay_utrans_ccm_dec_finished_cb), (72 bytes).
    Removing m_lay_utrans.o(i.m_lay_utrans_ccm_dec_ready_cb), (312 bytes).
    Removing m_lay_utrans.o(i.m_lay_utrans_ccm_enc_finished_cb), (100 bytes).
    Removing m_lay_utrans.o(i.m_lay_utrans_ccm_enc_ready_cb), (360 bytes).
    Removing m_lay_utrans.o(i.m_lay_utrans_check_decrypt_queue), (36 bytes).
    Removing m_lay_utrans.o(i.m_lay_utrans_connect_api_ltrans), (12 bytes).
    Removing m_lay_utrans.o(i.m_lay_utrans_connect_cb), (28 bytes).
    Removing m_lay_utrans.o(i.m_lay_utrans_decrypt_err), (108 bytes).
    Removing m_lay_utrans.o(i.m_lay_utrans_get_env_size), (4 bytes).
    Removing m_lay_utrans.o(i.m_lay_utrans_init), (44 bytes).
    Removing m_lay_utrans.o(i.m_lay_utrans_intf_type_to_idx), (36 bytes).
    Removing m_lay_utrans.o(i.m_lay_utrans_rx), (164 bytes).
    Removing m_lay_utrans.o(i.m_lay_utrans_send), (60 bytes).
    Removing m_lay_utrans.o(i.m_lay_utrans_sent), (172 bytes).
    Removing m_lay_utrans.o(i.m_lay_utrans_tx), (116 bytes).
    Removing m_lay_utrans.o(.constdata), (4 bytes).
    Removing m_lay_utrans.o(.constdata), (8 bytes).
    Removing m_lay_utrans.o(.data), (4 bytes).
    Removing m_prov_adv_trans.o(i.m_prov_adv_trans_clean_up), (96 bytes).
    Removing m_prov_adv_trans.o(i.m_prov_adv_trans_fcs_compute), (36 bytes).
    Removing m_prov_adv_trans.o(i.m_prov_adv_trans_link_close_send), (48 bytes).
    Removing m_prov_adv_trans.o(i.m_prov_adv_trans_rx), (700 bytes).
    Removing m_prov_adv_trans.o(i.m_prov_adv_trans_rx_check), (96 bytes).
    Removing m_prov_adv_trans.o(i.m_prov_adv_trans_send), (148 bytes).
    Removing m_prov_adv_trans.o(i.m_prov_adv_trans_sent), (84 bytes).
    Removing m_prov_adv_trans.o(i.m_prov_adv_trans_tx_cb), (644 bytes).
    Removing m_prov_adv_trans.o(i.m_prov_adv_trans_tx_set), (64 bytes).
    Removing m_prov_adv_trans.o(.constdata), (256 bytes).
    Removing m_prov_adv_trans.o(.data), (1 bytes).
    Removing m_tb_friend.o(i.m_tb_friend_get_env_size), (4 bytes).
    Removing m_tb_friend.o(i.m_tb_friend_get_friend_cnt), (16 bytes).
    Removing m_tb_friend.o(i.m_tb_friend_get_nb_lpn_estab), (12 bytes).
    Removing m_tb_friend.o(i.m_tb_friend_get_nb_lpn_known), (12 bytes).
    Removing m_tb_friend.o(i.m_tb_friend_get_polltimeout_ms), (16 bytes).
    Removing m_tb_friend.o(i.m_tb_friend_init), (32 bytes).
    Removing m_tb_friend.o(i.m_tb_friend_is_lpn), (48 bytes).
    Removing m_tb_friend.o(i.m_tb_friend_is_subs_dst), (68 bytes).
    Removing m_tb_friend.o(i.m_tb_friend_lpn_add), (20 bytes).
    Removing m_tb_friend.o(i.m_tb_friend_lpn_estab), (16 bytes).
    Removing m_tb_friend.o(i.m_tb_friend_lpn_rem), (32 bytes).
    Removing m_tb_friend.o(i.m_tb_friend_subs_list_update), (92 bytes).
    Removing m_tb_friend.o(.data), (4 bytes).
    Removing m_tb_sec.o(i.m_tb_sec_aes_ccm_cb), (12 bytes).
    Removing m_tb_sec.o(i.m_tb_sec_aes_res_cb), (8 bytes).
    Removing m_tb_sec.o(i.m_tb_sec_aes_start), (10 bytes).
    Removing m_tb_sec.o(i.m_tb_sec_ccm_dec_start), (10 bytes).
    Removing m_tb_sec.o(i.m_tb_sec_ccm_enc_start), (10 bytes).
    Removing m_tb_sec.o(i.m_tb_sec_cmac_start), (10 bytes).
    Removing m_tb_sec.o(i.m_tb_sec_execute), (452 bytes).
    Removing m_tb_sec.o(i.m_tb_sec_func_end_handler), (56 bytes).
    Removing m_tb_sec.o(i.m_tb_sec_get_env_size), (4 bytes).
    Removing m_tb_sec.o(i.m_tb_sec_init), (76 bytes).
    Removing m_tb_sec.o(i.m_tb_sec_k1_start), (10 bytes).
    Removing m_tb_sec.o(i.m_tb_sec_k2_start), (10 bytes).
    Removing m_tb_sec.o(i.m_tb_sec_k3_start), (10 bytes).
    Removing m_tb_sec.o(i.m_tb_sec_k4_start), (10 bytes).
    Removing m_tb_sec.o(i.m_tb_sec_rand_start), (16 bytes).
    Removing m_tb_sec.o(i.m_tb_sec_ready_rand_cb), (4 bytes).
    Removing m_tb_sec.o(i.m_tb_sec_s1_start), (10 bytes).
    Removing m_tb_sec.o(i.m_tb_sec_start), (72 bytes).
    Removing m_tb_sec.o(.data), (4 bytes).
    Removing dmul.o(.text), (228 bytes).
    Removing dfixul.o(.text), (48 bytes).
    Removing cdrcmple.o(.text), (48 bytes).

1166 unused section(s) (total 83121 bytes) removed from the image.
