<html>
<body>
<pre>
<h1>µVision Build Log</h1>
<h2>Tool Versions:</h2>
IDE-Version: ¦ÌVision V5.35.0.0
Copyright (C) 2021 ARM Ltd and ARM Germany GmbH. All rights reserved.
License Information: 1 ºúÁú, 1, LIC=SDA0P-M3E6K-RAJDM-XCYM3-5LI2D-PICKT
 
Tool Versions:
Toolchain:       MDK-ARM Plus  Version: 5.35.0.2
Toolchain Path:  C:\Keil_v5\ARM\ARMCC\Bin
C Compiler:      Armcc.exe V5.06 update 7 (build 960)
Assembler:       Armasm.exe V5.06 update 7 (build 960)
Linker/Locator:  ArmLink.exe V5.06 update 7 (build 960)
Library Manager: ArmAr.exe V5.06 update 7 (build 960)
Hex Converter:   FromElf.exe V5.06 update 7 (build 960)
CPU DLL:         SARMCM3.DLL V5.35.0.2
Dialog DLL:      DCM.DLL V1.17.3.0
Target DLL:      Segger\JL2CM3.dll V2.99.40.0
Dialog DLL:      TCM.DLL V1.53.0.0
 
<h2>Project:</h2>
D:\_2-FREQ\FR801x\SDK\FR801xH-SDK-master (4)\FR801xH-SDK-master\examples\none_evm\ble_simple_peripheral\keil\ble_simple_peripheral.uvproj
Project File Date:  03/13/2024

<h2>Output:</h2>
*** Using Compiler 'V5.06 update 7 (build 960)', folder: 'C:\Keil_v5\ARM\ARMCC\Bin'
Rebuild target 'ble_simple_peripheral'
compiling button.c...
compiling user_task.c...
compiling simple_gatt_service.c...
compiling driver_keyscan.c...
compiling driver_iic.c...
compiling driver_pmu_qdec.c...
compiling proj_main.c...
compiling ble_simple_peripheral.c...
compiling driver_pmu.c...
compiling driver_wdt.c...
compiling driver_uart.c...
compiling driver_rtc.c...
compiling driver_i2s.c...
assembling app_boot_vectors.s...
compiling core_cm3_isr.c...
compiling driver_timer.c...
compiling driver_exti.c...
compiling driver_efuse.c...
compiling patch.c...
linking...
Program Size: Code=90076 RO-data=3264 RW-data=1240 ZI-data=3340  
After Build - User command #1: fromelf.exe  --text  -c -o Output/ble_simple_peripheral.txt  Objects/ble_simple_peripheral.axf
After Build - User command #2: fromelf.exe  --bin -o Output/ble_simple_peripheral.bin  Objects/ble_simple_peripheral.axf
".\Objects\ble_simple_peripheral.axf" - 0 Error(s), 0 Warning(s).
Build Time Elapsed:  00:00:05
</pre>
</body>
</html>
